Archive member included to satisfy reference by file (symbol)

c:/program files (x86)/gnu tools arm embedded/7 2018-q2-update/bin/../lib/gcc/arm-none-eabi/7.3.1/../../../../arm-none-eabi/lib/thumb/v7e-m/fpv4-sp/hard\libc_nano.a(lib_a-errno.o)
                              build/sysmem.o (__errno)
c:/program files (x86)/gnu tools arm embedded/7 2018-q2-update/bin/../lib/gcc/arm-none-eabi/7.3.1/../../../../arm-none-eabi/lib/thumb/v7e-m/fpv4-sp/hard\libc_nano.a(lib_a-exit.o)
                              c:/program files (x86)/gnu tools arm embedded/7 2018-q2-update/bin/../lib/gcc/arm-none-eabi/7.3.1/../../../../arm-none-eabi/lib/thumb/v7e-m/fpv4-sp/hard/crt0.o (exit)
c:/program files (x86)/gnu tools arm embedded/7 2018-q2-update/bin/../lib/gcc/arm-none-eabi/7.3.1/../../../../arm-none-eabi/lib/thumb/v7e-m/fpv4-sp/hard\libc_nano.a(lib_a-impure.o)
                              c:/program files (x86)/gnu tools arm embedded/7 2018-q2-update/bin/../lib/gcc/arm-none-eabi/7.3.1/../../../../arm-none-eabi/lib/thumb/v7e-m/fpv4-sp/hard\libc_nano.a(lib_a-exit.o) (_global_impure_ptr)
c:/program files (x86)/gnu tools arm embedded/7 2018-q2-update/bin/../lib/gcc/arm-none-eabi/7.3.1/../../../../arm-none-eabi/lib/thumb/v7e-m/fpv4-sp/hard\libc_nano.a(lib_a-init.o)
                              c:/program files (x86)/gnu tools arm embedded/7 2018-q2-update/bin/../lib/gcc/arm-none-eabi/7.3.1/../../../../arm-none-eabi/lib/thumb/v7e-m/fpv4-sp/hard/crt0.o (__libc_init_array)
c:/program files (x86)/gnu tools arm embedded/7 2018-q2-update/bin/../lib/gcc/arm-none-eabi/7.3.1/../../../../arm-none-eabi/lib/thumb/v7e-m/fpv4-sp/hard\libc_nano.a(lib_a-memcpy-stub.o)
                              build/queue.o (memcpy)
c:/program files (x86)/gnu tools arm embedded/7 2018-q2-update/bin/../lib/gcc/arm-none-eabi/7.3.1/../../../../arm-none-eabi/lib/thumb/v7e-m/fpv4-sp/hard\libc_nano.a(lib_a-memset.o)
                              c:/program files (x86)/gnu tools arm embedded/7 2018-q2-update/bin/../lib/gcc/arm-none-eabi/7.3.1/../../../../arm-none-eabi/lib/thumb/v7e-m/fpv4-sp/hard/crt0.o (memset)
c:/program files (x86)/gnu tools arm embedded/7 2018-q2-update/bin/../lib/gcc/arm-none-eabi/7.3.1/thumb/v7e-m/fpv4-sp/hard\libgcc.a(_aeabi_uldivmod.o)
                              build/stm32f4xx_hal_rcc.o (__aeabi_uldivmod)
c:/program files (x86)/gnu tools arm embedded/7 2018-q2-update/bin/../lib/gcc/arm-none-eabi/7.3.1/thumb/v7e-m/fpv4-sp/hard\libgcc.a(_udivmoddi4.o)
                              c:/program files (x86)/gnu tools arm embedded/7 2018-q2-update/bin/../lib/gcc/arm-none-eabi/7.3.1/thumb/v7e-m/fpv4-sp/hard\libgcc.a(_aeabi_uldivmod.o) (__udivmoddi4)
c:/program files (x86)/gnu tools arm embedded/7 2018-q2-update/bin/../lib/gcc/arm-none-eabi/7.3.1/thumb/v7e-m/fpv4-sp/hard\libgcc.a(_dvmd_tls.o)
                              c:/program files (x86)/gnu tools arm embedded/7 2018-q2-update/bin/../lib/gcc/arm-none-eabi/7.3.1/thumb/v7e-m/fpv4-sp/hard\libgcc.a(_aeabi_uldivmod.o) (__aeabi_ldiv0)

Allocating common symbols
Common symbol       size              file

myMutex01ControlBlock
                    0x48              build/main.o
hUsbDeviceFS        0x2dc             build/usb_device.o
myTask02ControlBlock
                    0x60              build/main.o
defaultTaskHandle   0x4               build/main.o
myQueue01Buffer     0x20              build/main.o
myTask03ControlBlock
                    0x60              build/main.o
hpcd_USB_OTG_FS     0x4e4             build/usbd_conf.o
uwTick              0x4               build/stm32f4xx_hal.o
xQueueRegistry      0x40              build/queue.o
pFlash              0x20              build/stm32f4xx_hal_flash.o
myTask04Buffer      0x2000            build/main.o
UserRxBufferFS      0x800             build/usbd_cdc_if.o
myTask04Handle      0x4               build/main.o
UserTxBufferFS      0x800             build/usbd_cdc_if.o
myTask02Handle      0x4               build/main.o
htim1               0x48              build/main.o
defaultTaskBuffer   0x2000            build/main.o
myBinarySem01Handle
                    0x4               build/main.o
myTask03Handle      0x4               build/main.o
myBinarySem01ControlBlock
                    0x48              build/main.o
myQueue01Handle     0x4               build/main.o
defaultTaskControlBlock
                    0x60              build/main.o
myTask03Buffer      0x2000            build/main.o
USBD_StrDesc        0x200             build/usbd_desc.o
myMutex01Handle     0x4               build/main.o
myTask02Buffer      0x2000            build/main.o
myQueue01ControlBlock
                    0x48              build/main.o
myTask04ControlBlock
                    0x60              build/main.o

Discarded input sections

 .text          0x00000000        0x0 c:/program files (x86)/gnu tools arm embedded/7 2018-q2-update/bin/../lib/gcc/arm-none-eabi/7.3.1/thumb/v7e-m/fpv4-sp/hard/crti.o
[...]
Memory Configuration

Name             Origin             Length             Attributes
RAM              0x20000000         0x00020000         xrw
CCMRAM           0x10000000         0x00010000         xrw
FLASH            0x08000000         0x00100000         xr
*default*        0x00000000         0xffffffff

Linker script and memory map

LOAD c:/program files (x86)/gnu tools arm embedded/7 2018-q2-update/bin/../lib/gcc/arm-none-eabi/7.3.1/thumb/v7e-m/fpv4-sp/hard/crti.o
LOAD c:/program files (x86)/gnu tools arm embedded/7 2018-q2-update/bin/../lib/gcc/arm-none-eabi/7.3.1/thumb/v7e-m/fpv4-sp/hard/crtbegin.o
LOAD c:/program files (x86)/gnu tools arm embedded/7 2018-q2-update/bin/../lib/gcc/arm-none-eabi/7.3.1/../../../../arm-none-eabi/lib/thumb/v7e-m/fpv4-sp/hard/crt0.o
LOAD build/main.o
LOAD build/freertos.o
LOAD build/usb_device.o
LOAD build/usbd_conf.o
LOAD build/usbd_desc.o
LOAD build/usbd_cdc_if.o
LOAD build/stm32f4xx_it.o
LOAD build/stm32f4xx_hal_msp.o
LOAD build/stm32f4xx_hal_pcd.o
LOAD build/stm32f4xx_hal_pcd_ex.o
LOAD build/stm32f4xx_ll_usb.o
LOAD build/stm32f4xx_hal_rcc.o
LOAD build/stm32f4xx_hal_rcc_ex.o
LOAD build/stm32f4xx_hal_flash.o
LOAD build/stm32f4xx_hal_flash_ex.o
LOAD build/stm32f4xx_hal_flash_ramfunc.o
LOAD build/stm32f4xx_hal_gpio.o
LOAD build/stm32f4xx_hal_dma_ex.o
LOAD build/stm32f4xx_hal_dma.o
LOAD build/stm32f4xx_hal_pwr.o
LOAD build/stm32f4xx_hal_pwr_ex.o
LOAD build/stm32f4xx_hal_cortex.o
LOAD build/stm32f4xx_hal.o
LOAD build/stm32f4xx_hal_exti.o
LOAD build/stm32f4xx_hal_tim.o
LOAD build/stm32f4xx_hal_tim_ex.o
LOAD build/system_stm32f4xx.o
LOAD build/croutine.o
LOAD build/event_groups.o
LOAD build/list.o
LOAD build/queue.o
LOAD build/stream_buffer.o
LOAD build/tasks.o
LOAD build/timers.o
LOAD build/cmsis_os.o
LOAD build/port.o
LOAD build/usbd_core.o
LOAD build/usbd_ctlreq.o
LOAD build/usbd_ioreq.o
LOAD build/usbd_cdc.o
LOAD build/sysmem.o
LOAD build/syscalls.o
LOAD build/startup_stm32f405xx.o
LOAD c:/program files (x86)/gnu tools arm embedded/7 2018-q2-update/bin/../lib/gcc/arm-none-eabi/7.3.1/../../../../arm-none-eabi/lib/thumb/v7e-m/fpv4-sp/hard\libc_nano.a
LOAD c:/program files (x86)/gnu tools arm embedded/7 2018-q2-update/bin/../lib/gcc/arm-none-eabi/7.3.1/../../../../arm-none-eabi/lib/thumb/v7e-m/fpv4-sp/hard\libm.a
LOAD c:/program files (x86)/gnu tools arm embedded/7 2018-q2-update/bin/../lib/gcc/arm-none-eabi/7.3.1/../../../../arm-none-eabi/lib/thumb/v7e-m/fpv4-sp/hard\libnosys.a
START GROUP
LOAD c:/program files (x86)/gnu tools arm embedded/7 2018-q2-update/bin/../lib/gcc/arm-none-eabi/7.3.1/thumb/v7e-m/fpv4-sp/hard\libgcc.a
LOAD c:/program files (x86)/gnu tools arm embedded/7 2018-q2-update/bin/../lib/gcc/arm-none-eabi/7.3.1/../../../../arm-none-eabi/lib/thumb/v7e-m/fpv4-sp/hard\libc_nano.a
END GROUP
START GROUP
LOAD c:/program files (x86)/gnu tools arm embedded/7 2018-q2-update/bin/../lib/gcc/arm-none-eabi/7.3.1/thumb/v7e-m/fpv4-sp/hard\libgcc.a
LOAD c:/program files (x86)/gnu tools arm embedded/7 2018-q2-update/bin/../lib/gcc/arm-none-eabi/7.3.1/../../../../arm-none-eabi/lib/thumb/v7e-m/fpv4-sp/hard\libc_nano.a
END GROUP
LOAD c:/program files (x86)/gnu tools arm embedded/7 2018-q2-update/bin/../lib/gcc/arm-none-eabi/7.3.1/thumb/v7e-m/fpv4-sp/hard/crtend.o
LOAD c:/program files (x86)/gnu tools arm embedded/7 2018-q2-update/bin/../lib/gcc/arm-none-eabi/7.3.1/thumb/v7e-m/fpv4-sp/hard/crtn.o
                0x20020000                _estack = (ORIGIN (RAM) + LENGTH (RAM))
                0x00000000                _Min_Heap_Size = 0x0
                0x00000400                _Min_Stack_Size = 0x400

.isr_vector     0x08000000      0x188
                0x08000000                . = ALIGN (0x4)
 *(.isr_vector)
 .isr_vector    0x08000000      0x188 build/startup_stm32f405xx.o
                0x08000000                g_pfnVectors
                0x08000188                . = ALIGN (0x4)

.text           0x08000190     0x56f0
                0x08000190                . = ALIGN (0x4)
 *(.text)
 .text          0x08000190       0x40 c:/program files (x86)/gnu tools arm embedded/7 2018-q2-update/bin/../lib/gcc/arm-none-eabi/7.3.1/thumb/v7e-m/fpv4-sp/hard/crtbegin.o
 .text          0x080001d0       0x30 c:/program files (x86)/gnu tools arm embedded/7 2018-q2-update/bin/../lib/gcc/arm-none-eabi/7.3.1/thumb/v7e-m/fpv4-sp/hard\libgcc.a(_aeabi_uldivmod.o)
                0x080001d0                __aeabi_uldivmod
 .text          0x08000200      0x2cc c:/program files (x86)/gnu tools arm embedded/7 2018-q2-update/bin/../lib/gcc/arm-none-eabi/7.3.1/thumb/v7e-m/fpv4-sp/hard\libgcc.a(_udivmoddi4.o)
                0x08000200                __udivmoddi4
 .text          0x080004cc        0x4 c:/program files (x86)/gnu tools arm embedded/7 2018-q2-update/bin/../lib/gcc/arm-none-eabi/7.3.1/thumb/v7e-m/fpv4-sp/hard\libgcc.a(_dvmd_tls.o)
                0x080004cc                __aeabi_idiv0
                0x080004cc                __aeabi_ldiv0
 *(.text*)
 .text.MX_GPIO_Init
                0x080004d0       0x4c build/main.o
 .text.StartDefaultTask
                0x0800051c        0xe build/main.o
                0x0800051c                StartDefaultTask
 .text.StartTask02
                0x0800052a        0xa build/main.o
                0x0800052a                StartTask02
 .text.StartTask03
                0x08000534        0xa build/main.o
                0x08000534                StartTask03
 .text.StartTask04
                0x0800053e        0xa build/main.o
                0x0800053e                StartTask04
 .text.Error_Handler
                0x08000548        0x4 build/main.o
                0x08000548                Error_Handler
 .text.MX_TIM1_Init
                0x0800054c      0x118 build/main.o
 .text.SystemClock_Config
                0x08000664       0xa8 build/main.o
                0x08000664                SystemClock_Config
 .text.main     0x0800070c       0xf4 build/main.o
                0x0800070c                main
 .text.vApplicationGetIdleTaskMemory
                0x08000800       0x18 build/freertos.o
                0x08000800                vApplicationGetIdleTaskMemory
 .text.MX_USB_DEVICE_Init
                0x08000818       0x54 build/usb_device.o
                0x08000818                MX_USB_DEVICE_Init
 .text.HAL_PCD_MspInit
                0x0800086c       0x84 build/usbd_conf.o
                0x0800086c                HAL_PCD_MspInit
 .text.HAL_PCD_SetupStageCallback
                0x080008f0       0x10 build/usbd_conf.o
                0x080008f0                HAL_PCD_SetupStageCallback
 .text.HAL_PCD_DataOutStageCallback
                0x08000900       0x18 build/usbd_conf.o
                0x08000900                HAL_PCD_DataOutStageCallback
 .text.HAL_PCD_DataInStageCallback
                0x08000918       0x16 build/usbd_conf.o
                0x08000918                HAL_PCD_DataInStageCallback
 .text.HAL_PCD_SOFCallback
                0x0800092e        0xc build/usbd_conf.o
                0x0800092e                HAL_PCD_SOFCallback
 .text.HAL_PCD_ResetCallback
                0x0800093a       0x2c build/usbd_conf.o
                0x0800093a                HAL_PCD_ResetCallback
 *fill*         0x08000966        0x2 
 .text.HAL_PCD_SuspendCallback
                0x08000968       0x30 build/usbd_conf.o
                0x08000968                HAL_PCD_SuspendCallback
 .text.HAL_PCD_ResumeCallback
                0x08000998        0xc build/usbd_conf.o
                0x08000998                HAL_PCD_ResumeCallback
 .text.HAL_PCD_ISOOUTIncompleteCallback
                0x080009a4        0xc build/usbd_conf.o
                0x080009a4                HAL_PCD_ISOOUTIncompleteCallback
 .text.HAL_PCD_ISOINIncompleteCallback
                0x080009b0        0xc build/usbd_conf.o
                0x080009b0                HAL_PCD_ISOINIncompleteCallback
 .text.HAL_PCD_ConnectCallback
                0x080009bc        0xc build/usbd_conf.o
                0x080009bc                HAL_PCD_ConnectCallback
 .text.HAL_PCD_DisconnectCallback
                0x080009c8        0xc build/usbd_conf.o
                0x080009c8                HAL_PCD_DisconnectCallback
 .text.USBD_LL_Init
                0x080009d4       0x68 build/usbd_conf.o
                0x080009d4                USBD_LL_Init
 .text.USBD_LL_IsStallEP
                0x08000a3c       0x2c build/usbd_conf.o
                0x08000a3c                USBD_LL_IsStallEP
 .text.USBD_LL_GetRxDataSize
                0x08000a68        0xc build/usbd_conf.o
                0x08000a68                USBD_LL_GetRxDataSize
 .text.USBD_static_malloc
                0x08000a74        0x8 build/usbd_conf.o
                0x08000a74                USBD_static_malloc
 .text.USBD_static_free
                0x08000a7c        0x2 build/usbd_conf.o
                0x08000a7c                USBD_static_free
 .text.USBD_Get_USB_Status
                0x08000a7e       0x12 build/usbd_conf.o
                0x08000a7e                USBD_Get_USB_Status
 .text.USBD_LL_Start
                0x08000a90       0x10 build/usbd_conf.o
                0x08000a90                USBD_LL_Start
 .text.USBD_LL_OpenEP
                0x08000aa0       0x16 build/usbd_conf.o
                0x08000aa0                USBD_LL_OpenEP
 .text.USBD_LL_CloseEP
                0x08000ab6       0x10 build/usbd_conf.o
                0x08000ab6                USBD_LL_CloseEP
 .text.USBD_LL_StallEP
                0x08000ac6       0x10 build/usbd_conf.o
                0x08000ac6                USBD_LL_StallEP
 .text.USBD_LL_ClearStallEP
                0x08000ad6       0x10 build/usbd_conf.o
                0x08000ad6                USBD_LL_ClearStallEP
 .text.USBD_LL_SetUSBAddress
                0x08000ae6       0x10 build/usbd_conf.o
                0x08000ae6                USBD_LL_SetUSBAddress
 .text.USBD_LL_Transmit
                0x08000af6       0x10 build/usbd_conf.o
                0x08000af6                USBD_LL_Transmit
 .text.USBD_LL_PrepareReceive
                0x08000b06       0x10 build/usbd_conf.o
                0x08000b06                USBD_LL_PrepareReceive
 *fill*         0x08000b16        0x2 
 .text.USBD_FS_DeviceDescriptor
                0x08000b18        0xc build/usbd_desc.o
                0x08000b18                USBD_FS_DeviceDescriptor
 .text.USBD_FS_LangIDStrDescriptor
                0x08000b24        0xc build/usbd_desc.o
                0x08000b24                USBD_FS_LangIDStrDescriptor
 .text.IntToUnicode
                0x08000b30       0x36 build/usbd_desc.o
 *fill*         0x08000b66        0x2 
 .text.Get_SerialNum
                0x08000b68       0x24 build/usbd_desc.o
 .text.USBD_FS_SerialStrDescriptor
                0x08000b8c       0x14 build/usbd_desc.o
                0x08000b8c                USBD_FS_SerialStrDescriptor
 .text.USBD_FS_ProductStrDescriptor
                0x08000ba0       0x24 build/usbd_desc.o
                0x08000ba0                USBD_FS_ProductStrDescriptor
 .text.USBD_FS_ManufacturerStrDescriptor
                0x08000bc4       0x1c build/usbd_desc.o
                0x08000bc4                USBD_FS_ManufacturerStrDescriptor
 .text.USBD_FS_ConfigStrDescriptor
                0x08000be0       0x24 build/usbd_desc.o
                0x08000be0                USBD_FS_ConfigStrDescriptor
 .text.USBD_FS_InterfaceStrDescriptor
                0x08000c04       0x24 build/usbd_desc.o
                0x08000c04                USBD_FS_InterfaceStrDescriptor
 .text.CDC_DeInit_FS
                0x08000c28        0x4 build/usbd_cdc_if.o
 .text.CDC_Control_FS
                0x08000c2c        0x4 build/usbd_cdc_if.o
 .text.CDC_TransmitCplt_FS
                0x08000c30        0x4 build/usbd_cdc_if.o
 .text.CDC_Receive_FS
                0x08000c34       0x1c build/usbd_cdc_if.o
 .text.CDC_Init_FS
                0x08000c50       0x28 build/usbd_cdc_if.o
 .text.NMI_Handler
                0x08000c78        0x2 build/stm32f4xx_it.o
                0x08000c78                NMI_Handler
 .text.HardFault_Handler
                0x08000c7a        0x2 build/stm32f4xx_it.o
                0x08000c7a                HardFault_Handler
 .text.MemManage_Handler
                0x08000c7c        0x2 build/stm32f4xx_it.o
                0x08000c7c                MemManage_Handler
 .text.BusFault_Handler
                0x08000c7e        0x2 build/stm32f4xx_it.o
                0x08000c7e                BusFault_Handler
 .text.UsageFault_Handler
                0x08000c80        0x2 build/stm32f4xx_it.o
                0x08000c80                UsageFault_Handler
 .text.DebugMon_Handler
                0x08000c82        0x2 build/stm32f4xx_it.o
                0x08000c82                DebugMon_Handler
 .text.SysTick_Handler
                0x08000c84       0x14 build/stm32f4xx_it.o
                0x08000c84                SysTick_Handler
 .text.OTG_FS_IRQHandler
                0x08000c98       0x10 build/stm32f4xx_it.o
                0x08000c98                OTG_FS_IRQHandler
 .text.HAL_MspInit
                0x08000ca8       0x44 build/stm32f4xx_hal_msp.o
                0x08000ca8                HAL_MspInit
 .text.HAL_TIM_Base_MspInit
                0x08000cec       0x30 build/stm32f4xx_hal_msp.o
                0x08000cec                HAL_TIM_Base_MspInit
 .text.HAL_TIM_MspPostInit
                0x08000d1c       0x84 build/stm32f4xx_hal_msp.o
                0x08000d1c                HAL_TIM_MspPostInit
 .text.PCD_WriteEmptyTxFifo
                0x08000da0       0xd4 build/stm32f4xx_hal_pcd.o
 .text.HAL_PCD_Init
                0x08000e74       0xfe build/stm32f4xx_hal_pcd.o
                0x08000e74                HAL_PCD_Init
 .text.HAL_PCD_Start
                0x08000f72       0x44 build/stm32f4xx_hal_pcd.o
                0x08000f72                HAL_PCD_Start
 *fill*         0x08000fb6        0x2 
 .text.PCD_EP_OutXfrComplete_int
                0x08000fb8      0x104 build/stm32f4xx_hal_pcd.o
 .text.PCD_EP_OutSetupPacket_int
                0x080010bc       0x50 build/stm32f4xx_hal_pcd.o
 .text.HAL_PCD_SetAddress
                0x0800110c       0x26 build/stm32f4xx_hal_pcd.o
                0x0800110c                HAL_PCD_SetAddress
 .text.HAL_PCD_EP_Open
                0x08001132       0x80 build/stm32f4xx_hal_pcd.o
                0x08001132                HAL_PCD_EP_Open
 .text.HAL_PCD_EP_Close
                0x080011b2       0x6c build/stm32f4xx_hal_pcd.o
                0x080011b2                HAL_PCD_EP_Close
 .text.HAL_PCD_EP_Receive
                0x0800121e       0x4e build/stm32f4xx_hal_pcd.o
                0x0800121e                HAL_PCD_EP_Receive
 .text.HAL_PCD_EP_GetRxCount
                0x0800126c       0x12 build/stm32f4xx_hal_pcd.o
                0x0800126c                HAL_PCD_EP_GetRxCount
 .text.HAL_PCD_EP_Transmit
                0x0800127e       0x42 build/stm32f4xx_hal_pcd.o
                0x0800127e                HAL_PCD_EP_Transmit
 .text.HAL_PCD_EP_SetStall
                0x080012c0       0x80 build/stm32f4xx_hal_pcd.o
                0x080012c0                HAL_PCD_EP_SetStall
 .text.HAL_PCD_EP_ClrStall
                0x08001340       0x6c build/stm32f4xx_hal_pcd.o
                0x08001340                HAL_PCD_EP_ClrStall
 .text.HAL_PCD_EP_Abort
                0x080013ac       0x36 build/stm32f4xx_hal_pcd.o
                0x080013ac                HAL_PCD_EP_Abort
 .text.HAL_PCD_IRQHandler
                0x080013e2      0x5e4 build/stm32f4xx_hal_pcd.o
                0x080013e2                HAL_PCD_IRQHandler
 .text.HAL_PCDEx_SetTxFiFo
                0x080019c6       0x48 build/stm32f4xx_hal_pcd_ex.o
                0x080019c6                HAL_PCDEx_SetTxFiFo
 .text.HAL_PCDEx_SetRxFiFo
                0x08001a0e        0x8 build/stm32f4xx_hal_pcd_ex.o
                0x08001a0e                HAL_PCDEx_SetRxFiFo
 .text.HAL_PCDEx_LPM_Callback
                0x08001a16        0x2 build/stm32f4xx_hal_pcd_ex.o
                0x08001a16                HAL_PCDEx_LPM_Callback
 .text.USB_CoreReset
                0x08001a18       0x4a build/stm32f4xx_ll_usb.o
 .text.USB_CoreInit
                0x08001a62       0x92 build/stm32f4xx_ll_usb.o
                0x08001a62                USB_CoreInit
 .text.USB_SetTurnaroundTime
                0x08001af4       0xec build/stm32f4xx_ll_usb.o
                0x08001af4                USB_SetTurnaroundTime
 .text.USB_EnableGlobalInt
                0x08001be0        0xc build/stm32f4xx_ll_usb.o
                0x08001be0                USB_EnableGlobalInt
 .text.USB_DisableGlobalInt
                0x08001bec        0xc build/stm32f4xx_ll_usb.o
                0x08001bec                USB_DisableGlobalInt
 .text.USB_FlushTxFifo
                0x08001bf8       0x4a build/stm32f4xx_ll_usb.o
                0x08001bf8                USB_FlushTxFifo
 .text.USB_FlushRxFifo
                0x08001c42       0x46 build/stm32f4xx_ll_usb.o
                0x08001c42                USB_FlushRxFifo
 .text.USB_SetDevSpeed
                0x08001c88        0xe build/stm32f4xx_ll_usb.o
                0x08001c88                USB_SetDevSpeed
 *fill*         0x08001c96        0x2 
 .text.USB_DevInit
                0x08001c98      0x198 build/stm32f4xx_ll_usb.o
                0x08001c98                USB_DevInit
 .text.USB_GetDevSpeed
                0x08001e30       0x22 build/stm32f4xx_ll_usb.o
                0x08001e30                USB_GetDevSpeed
 .text.USB_ActivateEndpoint
                0x08001e52       0x94 build/stm32f4xx_ll_usb.o
                0x08001e52                USB_ActivateEndpoint
 *fill*         0x08001ee6        0x2 
 .text.USB_DeactivateEndpoint
                0x08001ee8       0xdc build/stm32f4xx_ll_usb.o
                0x08001ee8                USB_DeactivateEndpoint
 .text.USB_EPStopXfer
                0x08001fc4       0xc2 build/stm32f4xx_ll_usb.o
                0x08001fc4                USB_EPStopXfer
 .text.USB_WritePacket
                0x08002086       0x28 build/stm32f4xx_ll_usb.o
                0x08002086                USB_WritePacket
 *fill*         0x080020ae        0x2 
 .text.USB_EPStartXfer
                0x080020b0      0x244 build/stm32f4xx_ll_usb.o
                0x080020b0                USB_EPStartXfer
 .text.USB_ReadPacket
                0x080022f4       0x4e build/stm32f4xx_ll_usb.o
                0x080022f4                USB_ReadPacket
 .text.USB_EPSetStall
                0x08002342       0x5a build/stm32f4xx_ll_usb.o
                0x08002342                USB_EPSetStall
 .text.USB_EPClearStall
                0x0800239c       0x5c build/stm32f4xx_ll_usb.o
                0x0800239c                USB_EPClearStall
 .text.USB_SetDevAddress
                0x080023f8       0x20 build/stm32f4xx_ll_usb.o
                0x080023f8                USB_SetDevAddress
 .text.USB_DevConnect
                0x08002418       0x1c build/stm32f4xx_ll_usb.o
                0x08002418                USB_DevConnect
 .text.USB_DevDisconnect
                0x08002434       0x1c build/stm32f4xx_ll_usb.o
                0x08002434                USB_DevDisconnect
 .text.USB_ReadInterrupts
                0x08002450        0x8 build/stm32f4xx_ll_usb.o
                0x08002450                USB_ReadInterrupts
 .text.USB_ReadDevAllOutEpInterrupt
                0x08002458       0x10 build/stm32f4xx_ll_usb.o
                0x08002458                USB_ReadDevAllOutEpInterrupt
 .text.USB_ReadDevAllInEpInterrupt
                0x08002468       0x10 build/stm32f4xx_ll_usb.o
                0x08002468                USB_ReadDevAllInEpInterrupt
 .text.USB_ReadDevOutEPInterrupt
                0x08002478       0x12 build/stm32f4xx_ll_usb.o
                0x08002478                USB_ReadDevOutEPInterrupt
 .text.USB_ReadDevInEPInterrupt
                0x0800248a       0x28 build/stm32f4xx_ll_usb.o
                0x0800248a                USB_ReadDevInEPInterrupt
 .text.USB_GetMode
                0x080024b2        0x8 build/stm32f4xx_ll_usb.o
                0x080024b2                USB_GetMode
 .text.USB_SetCurrentMode
                0x080024ba       0x62 build/stm32f4xx_ll_usb.o
                0x080024ba                USB_SetCurrentMode
 .text.USB_ActivateSetup
                0x0800251c       0x20 build/stm32f4xx_ll_usb.o
                0x0800251c                USB_ActivateSetup
 .text.USB_EP0_OutStart
                0x0800253c       0x60 build/stm32f4xx_ll_usb.o
                0x0800253c                USB_EP0_OutStart
 .text.HAL_RCC_OscConfig
                0x0800259c      0x3f8 build/stm32f4xx_hal_rcc.o
                0x0800259c                HAL_RCC_OscConfig
 .text.HAL_RCC_GetSysClockFreq
                0x08002994       0xd8 build/stm32f4xx_hal_rcc.o
                0x08002994                HAL_RCC_GetSysClockFreq
 .text.HAL_RCC_ClockConfig
                0x08002a6c      0x160 build/stm32f4xx_hal_rcc.o
                0x08002a6c                HAL_RCC_ClockConfig
 .text.HAL_RCC_GetHCLKFreq
                0x08002bcc        0xc build/stm32f4xx_hal_rcc.o
                0x08002bcc                HAL_RCC_GetHCLKFreq
 .text.HAL_GPIO_Init
                0x08002bd8      0x1d4 build/stm32f4xx_hal_gpio.o
                0x08002bd8                HAL_GPIO_Init
 .text.HAL_NVIC_SetPriorityGrouping
                0x08002dac       0x24 build/stm32f4xx_hal_cortex.o
                0x08002dac                HAL_NVIC_SetPriorityGrouping
 .text.HAL_NVIC_SetPriority
                0x08002dd0       0x68 build/stm32f4xx_hal_cortex.o
                0x08002dd0                HAL_NVIC_SetPriority
 .text.HAL_NVIC_EnableIRQ
                0x08002e38       0x1c build/stm32f4xx_hal_cortex.o
                0x08002e38                HAL_NVIC_EnableIRQ
 .text.HAL_SYSTICK_Config
                0x08002e54       0x2c build/stm32f4xx_hal_cortex.o
                0x08002e54                HAL_SYSTICK_Config
 .text.HAL_InitTick
                0x08002e80       0x4c build/stm32f4xx_hal.o
                0x08002e80                HAL_InitTick
 .text.HAL_Init
                0x08002ecc       0x34 build/stm32f4xx_hal.o
                0x08002ecc                HAL_Init
 .text.HAL_IncTick
                0x08002f00       0x18 build/stm32f4xx_hal.o
                0x08002f00                HAL_IncTick
 .text.HAL_GetTick
                0x08002f18        0xc build/stm32f4xx_hal.o
                0x08002f18                HAL_GetTick
 .text.HAL_Delay
                0x08002f24       0x28 build/stm32f4xx_hal.o
                0x08002f24                HAL_Delay
 .text.TIM_OC1_SetConfig
                0x08002f4c       0x68 build/stm32f4xx_hal_tim.o
 .text.TIM_OC3_SetConfig
                0x08002fb4       0x70 build/stm32f4xx_hal_tim.o
 .text.TIM_OC4_SetConfig
                0x08003024       0x50 build/stm32f4xx_hal_tim.o
 .text.TIM_TI1_ConfigInputStage
                0x08003074       0x26 build/stm32f4xx_hal_tim.o
 .text.TIM_TI2_ConfigInputStage
                0x0800309a       0x28 build/stm32f4xx_hal_tim.o
 .text.TIM_ITRx_SetConfig
                0x080030c2       0x10 build/stm32f4xx_hal_tim.o
 .text.HAL_TIM_PWM_MspInit
                0x080030d2        0x2 build/stm32f4xx_hal_tim.o
                0x080030d2                HAL_TIM_PWM_MspInit
 .text.TIM_Base_SetConfig
                0x080030d4       0xd8 build/stm32f4xx_hal_tim.o
                0x080030d4                TIM_Base_SetConfig
 .text.HAL_TIM_Base_Init
                0x080031ac       0x56 build/stm32f4xx_hal_tim.o
                0x080031ac                HAL_TIM_Base_Init
 .text.HAL_TIM_PWM_Init
                0x08003202       0x56 build/stm32f4xx_hal_tim.o
                0x08003202                HAL_TIM_PWM_Init
 .text.TIM_OC2_SetConfig
                0x08003258       0x70 build/stm32f4xx_hal_tim.o
                0x08003258                TIM_OC2_SetConfig
 .text.HAL_TIM_PWM_ConfigChannel
                0x080032c8       0xdc build/stm32f4xx_hal_tim.o
                0x080032c8                HAL_TIM_PWM_ConfigChannel
 .text.TIM_ETR_SetConfig
                0x080033a4       0x18 build/stm32f4xx_hal_tim.o
                0x080033a4                TIM_ETR_SetConfig
 .text.HAL_TIM_ConfigClockSource
                0x080033bc       0xf4 build/stm32f4xx_hal_tim.o
                0x080033bc                HAL_TIM_ConfigClockSource
 .text.HAL_TIMEx_MasterConfigSynchronization
                0x080034b0       0x88 build/stm32f4xx_hal_tim_ex.o
                0x080034b0                HAL_TIMEx_MasterConfigSynchronization
 .text.HAL_TIMEx_ConfigBreakDeadTime
                0x08003538       0x52 build/stm32f4xx_hal_tim_ex.o
                0x08003538                HAL_TIMEx_ConfigBreakDeadTime
 *fill*         0x0800358a        0x2 
 .text.SystemInit
                0x0800358c       0x14 build/system_stm32f4xx.o
                0x0800358c                SystemInit
 .text.vListInitialise
                0x080035a0       0x16 build/list.o
                0x080035a0                vListInitialise
 .text.vListInitialiseItem
                0x080035b6        0x6 build/list.o
                0x080035b6                vListInitialiseItem
 .text.vListInsertEnd
                0x080035bc       0x18 build/list.o
                0x080035bc                vListInsertEnd
 .text.vListInsert
                0x080035d4       0x34 build/list.o
                0x080035d4                vListInsert
 .text.uxListRemove
                0x08003608       0x28 build/list.o
                0x08003608                uxListRemove
 .text.prvIsQueueFull
                0x08003630       0x1e build/queue.o
 .text.prvCopyDataToQueue
                0x0800364e       0x76 build/queue.o
 .text.prvUnlockQueue
                0x080036c4       0x6e build/queue.o
 *fill*         0x08003732        0x2 
 .text.xQueueGenericReset
                0x08003734       0x84 build/queue.o
                0x08003734                xQueueGenericReset
 .text.prvInitialiseNewQueue
                0x080037b8       0x1c build/queue.o
 .text.xQueueGenericCreateStatic
                0x080037d4       0x8c build/queue.o
                0x080037d4                xQueueGenericCreateStatic
 .text.xQueueGenericSend
                0x08003860      0x17c build/queue.o
                0x08003860                xQueueGenericSend
 .text.prvInitialiseMutex
                0x080039dc       0x18 build/queue.o
 .text.xQueueCreateMutexStatic
                0x080039f4       0x1e build/queue.o
                0x080039f4                xQueueCreateMutexStatic
 *fill*         0x08003a12        0x2 
 .text.prvResetNextTaskUnblockTime
                0x08003a14       0x2c build/tasks.o
 .text.prvInitialiseNewTask
                0x08003a40       0x92 build/tasks.o
 *fill*         0x08003ad2        0x2 
 .text.prvInitialiseTaskLists
                0x08003ad4       0x64 build/tasks.o
 .text.prvAddNewTaskToReadyList
                0x08003b38       0xa8 build/tasks.o
 .text.prvCheckTasksWaitingTermination
                0x08003be0       0x40 build/tasks.o
 .text.prvIdleTask
                0x08003c20       0x28 build/tasks.o
 .text.prvAddCurrentTaskToDelayedList
                0x08003c48       0x98 build/tasks.o
 .text.xTaskCreateStatic
                0x08003ce0       0x6e build/tasks.o
                0x08003ce0                xTaskCreateStatic
 *fill*         0x08003d4e        0x2 
 .text.vTaskStartScheduler
                0x08003d50       0x6c build/tasks.o
                0x08003d50                vTaskStartScheduler
 .text.vTaskSuspendAll
                0x08003dbc       0x10 build/tasks.o
                0x08003dbc                vTaskSuspendAll
 .text.xTaskIncrementTick
                0x08003dcc      0x118 build/tasks.o
                0x08003dcc                xTaskIncrementTick
 .text.xTaskResumeAll
                0x08003ee4       0xf4 build/tasks.o
                0x08003ee4                xTaskResumeAll
 .text.vTaskDelay
                0x08003fd8       0x4c build/tasks.o
                0x08003fd8                vTaskDelay
 .text.vTaskSwitchContext
                0x08004024       0xb0 build/tasks.o
                0x08004024                vTaskSwitchContext
 .text.vTaskPlaceOnEventList
                0x080040d4       0x30 build/tasks.o
                0x080040d4                vTaskPlaceOnEventList
 .text.xTaskRemoveFromEventList
                0x08004104       0x8c build/tasks.o
                0x08004104                xTaskRemoveFromEventList
 .text.vTaskInternalSetTimeOutState
                0x08004190       0x18 build/tasks.o
                0x08004190                vTaskInternalSetTimeOutState
 .text.xTaskCheckForTimeOut
                0x080041a8       0x80 build/tasks.o
                0x080041a8                xTaskCheckForTimeOut
 .text.vTaskMissedYield
                0x08004228        0xc build/tasks.o
                0x08004228                vTaskMissedYield
 .text.xTaskGetSchedulerState
                0x08004234       0x20 build/tasks.o
                0x08004234                xTaskGetSchedulerState
 .text.xTaskPriorityDisinherit
                0x08004254       0xb0 build/tasks.o
                0x08004254                xTaskPriorityDisinherit
 .text.makeFreeRtosPriority
                0x08004304        0xc build/cmsis_os.o
 .text.osKernelStart
                0x08004310        0xa build/cmsis_os.o
                0x08004310                osKernelStart
 .text.osThreadCreate
                0x0800431a       0x34 build/cmsis_os.o
                0x0800431a                osThreadCreate
 .text.osDelay  0x0800434e       0x12 build/cmsis_os.o
                0x0800434e                osDelay
 .text.osMutexCreate
                0x08004360        0xc build/cmsis_os.o
                0x08004360                osMutexCreate
 .text.osSemaphoreCreate
                0x0800436c       0x22 build/cmsis_os.o
                0x0800436c                osSemaphoreCreate
 .text.osMessageCreate
                0x0800438e       0x18 build/cmsis_os.o
                0x0800438e                osMessageCreate
 *fill*         0x080043a6        0x2 
 .text.prvTaskExitError
                0x080043a8       0x40 build/port.o
 .text.prvPortStartFirstTask
                0x080043e8       0x28 build/port.o
 .text.vPortEnableVFP
                0x08004410       0x14 build/port.o
 .text.pxPortInitialiseStack
                0x08004424       0x2c build/port.o
                0x08004424                pxPortInitialiseStack
 .text.SVC_Handler
                0x08004450       0x24 build/port.o
                0x08004450                SVC_Handler
 .text.vPortEnterCritical
                0x08004474       0x44 build/port.o
                0x08004474                vPortEnterCritical
 .text.vPortExitCritical
                0x080044b8       0x2c build/port.o
                0x080044b8                vPortExitCritical
 *fill*         0x080044e4        0xc 
 .text.PendSV_Handler
                0x080044f0       0x64 build/port.o
                0x080044f0                PendSV_Handler
 .text.xPortSysTickHandler
                0x08004554       0x2c build/port.o
                0x08004554                xPortSysTickHandler
 .text.vPortSetupTimerInterrupt
                0x08004580       0x38 build/port.o
                0x08004580                vPortSetupTimerInterrupt
 .text.xPortStartScheduler
                0x080045b8      0x110 build/port.o
                0x080045b8                xPortStartScheduler
 .text.USBD_Init
                0x080046c8       0x2e build/usbd_core.o
                0x080046c8                USBD_Init
 .text.USBD_RegisterClass
                0x080046f6       0x34 build/usbd_core.o
                0x080046f6                USBD_RegisterClass
 .text.USBD_Start
                0x0800472a        0x8 build/usbd_core.o
                0x0800472a                USBD_Start
 .text.USBD_SetClassConfig
                0x08004732       0x12 build/usbd_core.o
                0x08004732                USBD_SetClassConfig
 .text.USBD_ClrClassConfig
                0x08004744       0x12 build/usbd_core.o
                0x08004744                USBD_ClrClassConfig
 .text.USBD_LL_SetupStage
                0x08004756       0x58 build/usbd_core.o
                0x08004756                USBD_LL_SetupStage
 .text.USBD_LL_Reset
                0x080047ae       0x64 build/usbd_core.o
                0x080047ae                USBD_LL_Reset
 .text.USBD_LL_SetSpeed
                0x08004812        0x6 build/usbd_core.o
                0x08004812                USBD_LL_SetSpeed
 .text.USBD_LL_Suspend
                0x08004818       0x1e build/usbd_core.o
                0x08004818                USBD_LL_Suspend
 .text.USBD_LL_Resume
                0x08004836       0x1a build/usbd_core.o
                0x08004836                USBD_LL_Resume
 .text.USBD_LL_SOF
                0x08004850       0x22 build/usbd_core.o
                0x08004850                USBD_LL_SOF
 .text.USBD_LL_IsoINIncomplete
                0x08004872       0x2e build/usbd_core.o
                0x08004872                USBD_LL_IsoINIncomplete
 .text.USBD_LL_IsoOUTIncomplete
                0x080048a0       0x2e build/usbd_core.o
                0x080048a0                USBD_LL_IsoOUTIncomplete
 .text.USBD_LL_DevConnected
                0x080048ce        0x4 build/usbd_core.o
                0x080048ce                USBD_LL_DevConnected
 .text.USBD_LL_DevDisconnected
                0x080048d2       0x20 build/usbd_core.o
                0x080048d2                USBD_LL_DevDisconnected
 .text.USBD_CoreFindIF
                0x080048f2        0x4 build/usbd_core.o
                0x080048f2                USBD_CoreFindIF
 .text.USBD_CoreFindEP
                0x080048f6        0x4 build/usbd_core.o
                0x080048f6                USBD_CoreFindEP
 .text.USBD_LL_DataOutStage
                0x080048fa       0xd8 build/usbd_core.o
                0x080048fa                USBD_LL_DataOutStage
 .text.USBD_LL_DataInStage
                0x080049d2       0xe8 build/usbd_core.o
                0x080049d2                USBD_LL_DataInStage
 .text.USBD_GetNextDesc
                0x08004aba        0xe build/usbd_core.o
                0x08004aba                USBD_GetNextDesc
 .text.USBD_GetEpDesc
                0x08004ac8       0x3e build/usbd_core.o
                0x08004ac8                USBD_GetEpDesc
 .text.USBD_GetLen
                0x08004b06       0x14 build/usbd_ctlreq.o
 .text.USBD_ParseSetupRequest
                0x08004b1a       0x28 build/usbd_ctlreq.o
                0x08004b1a                USBD_ParseSetupRequest
 .text.USBD_CtlError
                0x08004b42       0x14 build/usbd_ctlreq.o
                0x08004b42                USBD_CtlError
 .text.USBD_GetDescriptor
                0x08004b56      0x18a build/usbd_ctlreq.o
 .text.USBD_SetAddress
                0x08004ce0       0x50 build/usbd_ctlreq.o
 .text.USBD_SetConfig
                0x08004d30       0xd0 build/usbd_ctlreq.o
 .text.USBD_GetConfig
                0x08004e00       0x40 build/usbd_ctlreq.o
 .text.USBD_GetStatus
                0x08004e40       0x38 build/usbd_ctlreq.o
 .text.USBD_SetFeature
                0x08004e78       0x2a build/usbd_ctlreq.o
 .text.USBD_ClrFeature
                0x08004ea2       0x26 build/usbd_ctlreq.o
 .text.USBD_StdDevReq
                0x08004ec8       0x7c build/usbd_ctlreq.o
                0x08004ec8                USBD_StdDevReq
 .text.USBD_StdItfReq
                0x08004f44       0x8c build/usbd_ctlreq.o
                0x08004f44                USBD_StdItfReq
 .text.USBD_StdEPReq
                0x08004fd0      0x248 build/usbd_ctlreq.o
                0x08004fd0                USBD_StdEPReq
 .text.USBD_GetString
                0x08005218       0x38 build/usbd_ctlreq.o
                0x08005218                USBD_GetString
 .text.USBD_CtlSendData
                0x08005250       0x1a build/usbd_ioreq.o
                0x08005250                USBD_CtlSendData
 .text.USBD_CtlContinueSendData
                0x0800526a       0x10 build/usbd_ioreq.o
                0x0800526a                USBD_CtlContinueSendData
 .text.USBD_CtlPrepareRx
                0x0800527a       0x1e build/usbd_ioreq.o
                0x0800527a                USBD_CtlPrepareRx
 .text.USBD_CtlContinueRx
                0x08005298       0x10 build/usbd_ioreq.o
                0x08005298                USBD_CtlContinueRx
 .text.USBD_CtlSendStatus
                0x080052a8       0x16 build/usbd_ioreq.o
                0x080052a8                USBD_CtlSendStatus
 .text.USBD_CtlReceiveStatus
                0x080052be       0x16 build/usbd_ioreq.o
                0x080052be                USBD_CtlReceiveStatus
 .text.USBD_CDC_EP0_RxReady
                0x080052d4       0x40 build/usbd_cdc.o
 .text.USBD_CDC_GetDeviceQualifierDescriptor
                0x08005314        0xc build/usbd_cdc.o
                0x08005314                USBD_CDC_GetDeviceQualifierDescriptor
 .text.USBD_CDC_GetOtherSpeedCfgDesc
                0x08005320       0x48 build/usbd_cdc.o
 .text.USBD_CDC_GetFSCfgDesc
                0x08005368       0x48 build/usbd_cdc.o
 .text.USBD_CDC_GetHSCfgDesc
                0x080053b0       0x48 build/usbd_cdc.o
 .text.USBD_CDC_DataOut
                0x080053f8       0x38 build/usbd_cdc.o
 .text.USBD_CDC_DataIn
                0x08005430       0x7c build/usbd_cdc.o
 .text.USBD_CDC_Setup
                0x080054ac      0x124 build/usbd_cdc.o
 .text.USBD_CDC_DeInit
                0x080055d0       0x64 build/usbd_cdc.o
 .text.USBD_CDC_Init
                0x08005634       0xee build/usbd_cdc.o
 .text.USBD_CDC_RegisterInterface
                0x08005722       0x16 build/usbd_cdc.o
                0x08005722                USBD_CDC_RegisterInterface
 .text.USBD_CDC_SetTxBuffer
                0x08005738       0x1c build/usbd_cdc.o
                0x08005738                USBD_CDC_SetTxBuffer
 .text.USBD_CDC_SetRxBuffer
                0x08005754       0x18 build/usbd_cdc.o
                0x08005754                USBD_CDC_SetRxBuffer
 .text.USBD_CDC_ReceivePacket
                0x0800576c       0x38 build/usbd_cdc.o
                0x0800576c                USBD_CDC_ReceivePacket
 .text.Reset_Handler
                0x080057a4       0x50 build/startup_stm32f405xx.o
                0x080057a4                Reset_Handler
 .text.Default_Handler
                0x080057f4        0x2 build/startup_stm32f405xx.o
                0x080057f4                RTC_Alarm_IRQHandler
                0x080057f4                HASH_RNG_IRQHandler
                0x080057f4                EXTI2_IRQHandler
                0x080057f4                TIM8_CC_IRQHandler
                0x080057f4                TIM1_CC_IRQHandler
                0x080057f4                DMA2_Stream5_IRQHandler
                0x080057f4                DMA1_Stream5_IRQHandler
                0x080057f4                PVD_IRQHandler
                0x080057f4                SDIO_IRQHandler
                0x080057f4                TAMP_STAMP_IRQHandler
                0x080057f4                CAN2_RX1_IRQHandler
                0x080057f4                EXTI3_IRQHandler
                0x080057f4                TIM8_TRG_COM_TIM14_IRQHandler
                0x080057f4                TIM1_UP_TIM10_IRQHandler
                0x080057f4                TIM8_UP_TIM13_IRQHandler
                0x080057f4                I2C3_ER_IRQHandler
                0x080057f4                EXTI0_IRQHandler
                0x080057f4                I2C2_EV_IRQHandler
                0x080057f4                DMA1_Stream2_IRQHandler
                0x080057f4                CAN1_RX0_IRQHandler
                0x080057f4                FPU_IRQHandler
                0x080057f4                OTG_HS_WKUP_IRQHandler
                0x080057f4                CAN2_SCE_IRQHandler
                0x080057f4                DMA2_Stream2_IRQHandler
                0x080057f4                SPI1_IRQHandler
                0x080057f4                TIM6_DAC_IRQHandler
                0x080057f4                TIM1_BRK_TIM9_IRQHandler
                0x080057f4                CAN2_RX0_IRQHandler
                0x080057f4                DMA2_Stream3_IRQHandler
                0x080057f4                USART6_IRQHandler
                0x080057f4                USART3_IRQHandler
                0x080057f4                CAN1_RX1_IRQHandler
                0x080057f4                UART5_IRQHandler
                0x080057f4                DMA2_Stream0_IRQHandler
                0x080057f4                TIM4_IRQHandler
                0x080057f4                I2C1_EV_IRQHandler
                0x080057f4                DMA1_Stream6_IRQHandler
                0x080057f4                DMA1_Stream1_IRQHandler
                0x080057f4                UART4_IRQHandler
                0x080057f4                TIM3_IRQHandler
                0x080057f4                RCC_IRQHandler
                0x080057f4                TIM8_BRK_TIM12_IRQHandler
                0x080057f4                Default_Handler
                0x080057f4                EXTI15_10_IRQHandler
                0x080057f4                ADC_IRQHandler
                0x080057f4                DMA1_Stream7_IRQHandler
                0x080057f4                TIM7_IRQHandler
                0x080057f4                CAN2_TX_IRQHandler
                0x080057f4                TIM5_IRQHandler
                0x080057f4                DMA2_Stream7_IRQHandler
                0x080057f4                I2C3_EV_IRQHandler
                0x080057f4                EXTI9_5_IRQHandler
                0x080057f4                RTC_WKUP_IRQHandler
                0x080057f4                SPI2_IRQHandler
                0x080057f4                OTG_HS_EP1_IN_IRQHandler
                0x080057f4                DMA1_Stream0_IRQHandler
                0x080057f4                CAN1_TX_IRQHandler
                0x080057f4                EXTI4_IRQHandler
                0x080057f4                FSMC_IRQHandler
                0x080057f4                OTG_HS_EP1_OUT_IRQHandler
                0x080057f4                WWDG_IRQHandler
                0x080057f4                TIM2_IRQHandler
                0x080057f4                OTG_FS_WKUP_IRQHandler
                0x080057f4                TIM1_TRG_COM_TIM11_IRQHandler
                0x080057f4                OTG_HS_IRQHandler
                0x080057f4                EXTI1_IRQHandler
                0x080057f4                USART2_IRQHandler
                0x080057f4                I2C2_ER_IRQHandler
                0x080057f4                DMA2_Stream1_IRQHandler
                0x080057f4                CAN1_SCE_IRQHandler
                0x080057f4                FLASH_IRQHandler
                0x080057f4                DMA2_Stream4_IRQHandler
                0x080057f4                USART1_IRQHandler
                0x080057f4                SPI3_IRQHandler
                0x080057f4                DMA1_Stream4_IRQHandler
                0x080057f4                I2C1_ER_IRQHandler
                0x080057f4                DMA2_Stream6_IRQHandler
                0x080057f4                DMA1_Stream3_IRQHandler
 *fill*         0x080057f6        0x2 
 .text.__libc_init_array
                0x080057f8       0x48 c:/program files (x86)/gnu tools arm embedded/7 2018-q2-update/bin/../lib/gcc/arm-none-eabi/7.3.1/../../../../arm-none-eabi/lib/thumb/v7e-m/fpv4-sp/hard\libc_nano.a(lib_a-init.o)
                0x080057f8                __libc_init_array
 .text.memcpy   0x08005840       0x16 c:/program files (x86)/gnu tools arm embedded/7 2018-q2-update/bin/../lib/gcc/arm-none-eabi/7.3.1/../../../../arm-none-eabi/lib/thumb/v7e-m/fpv4-sp/hard\libc_nano.a(lib_a-memcpy-stub.o)
                0x08005840                memcpy
 .text.memset   0x08005856       0x10 c:/program files (x86)/gnu tools arm embedded/7 2018-q2-update/bin/../lib/gcc/arm-none-eabi/7.3.1/../../../../arm-none-eabi/lib/thumb/v7e-m/fpv4-sp/hard\libc_nano.a(lib_a-memset.o)
                0x08005856                memset
 *(.glue_7)
 .glue_7        0x08005866        0x0 linker stubs
 *(.glue_7t)
 .glue_7t       0x08005866        0x0 linker stubs
 *(.eh_frame)
 *fill*         0x08005866        0x2 
 .eh_frame      0x08005868        0x0 c:/program files (x86)/gnu tools arm embedded/7 2018-q2-update/bin/../lib/gcc/arm-none-eabi/7.3.1/thumb/v7e-m/fpv4-sp/hard/crtbegin.o
 *(.init)
 .init          0x08005868        0x4 c:/program files (x86)/gnu tools arm embedded/7 2018-q2-update/bin/../lib/gcc/arm-none-eabi/7.3.1/thumb/v7e-m/fpv4-sp/hard/crti.o
                0x08005868                _init
 .init          0x0800586c        0x8 c:/program files (x86)/gnu tools arm embedded/7 2018-q2-update/bin/../lib/gcc/arm-none-eabi/7.3.1/thumb/v7e-m/fpv4-sp/hard/crtn.o
 *(.fini)
 .fini          0x08005874        0x4 c:/program files (x86)/gnu tools arm embedded/7 2018-q2-update/bin/../lib/gcc/arm-none-eabi/7.3.1/thumb/v7e-m/fpv4-sp/hard/crti.o
                0x08005874                _fini
 .fini          0x08005878        0x8 c:/program files (x86)/gnu tools arm embedded/7 2018-q2-update/bin/../lib/gcc/arm-none-eabi/7.3.1/thumb/v7e-m/fpv4-sp/hard/crtn.o
                0x08005880                . = ALIGN (0x4)
                0x08005880                _etext = .

.vfp11_veneer   0x08005880        0x0
 .vfp11_veneer  0x08005880        0x0 linker stubs

.v4_bx          0x08005880        0x0
 .v4_bx         0x08005880        0x0 linker stubs

.iplt           0x08005880        0x0
 .iplt          0x08005880        0x0 c:/program files (x86)/gnu tools arm embedded/7 2018-q2-update/bin/../lib/gcc/arm-none-eabi/7.3.1/thumb/v7e-m/fpv4-sp/hard/crtbegin.o

.rodata         0x08005880      0x110
                0x08005880                . = ALIGN (0x4)
 *(.rodata)
 .rodata        0x08005880       0x80 build/main.o
 *(.rodata*)
 .rodata.str1.4
                0x08005900       0x30 build/main.o
 .rodata.USBD_FS_ConfigStrDescriptor.str1.4
                0x08005930        0xb build/usbd_desc.o
 *fill*         0x0800593b        0x1 
 .rodata.USBD_FS_InterfaceStrDescriptor.str1.4
                0x0800593c        0xe build/usbd_desc.o
 *fill*         0x0800594a        0x2 
 .rodata.USBD_FS_ManufacturerStrDescriptor.str1.4
                0x0800594c       0x13 build/usbd_desc.o
 *fill*         0x0800595f        0x1 
 .rodata.USBD_FS_ProductStrDescriptor.str1.4
                0x08005960       0x16 build/usbd_desc.o
 *fill*         0x08005976        0x2 
 .rodata.AHBPrescTable
                0x08005978       0x10 build/system_stm32f4xx.o
                0x08005978                AHBPrescTable
 .rodata.vTaskStartScheduler.str1.4
                0x08005988        0x8 build/tasks.o
                                  0x5 (size before relaxing)
                0x08005990                . = ALIGN (0x4)

.ARM.extab
 *(.ARM.extab* .gnu.linkonce.armextab.*)

.ARM            0x08005990        0x8
                0x08005990                __exidx_start = .
 *(.ARM.exidx*)
 .ARM.exidx     0x08005990        0x8 c:/program files (x86)/gnu tools arm embedded/7 2018-q2-update/bin/../lib/gcc/arm-none-eabi/7.3.1/thumb/v7e-m/fpv4-sp/hard\libgcc.a(_udivmoddi4.o)
                0x08005998                __exidx_end = .

.rel.dyn        0x08005998        0x0
 .rel.iplt      0x08005998        0x0 c:/program files (x86)/gnu tools arm embedded/7 2018-q2-update/bin/../lib/gcc/arm-none-eabi/7.3.1/thumb/v7e-m/fpv4-sp/hard/crtbegin.o

.preinit_array  0x08005998        0x0
                0x08005998                PROVIDE (__preinit_array_start = .)
 *(.preinit_array*)
                0x08005998                PROVIDE (__preinit_array_end = .)

.init_array     0x08005998        0x4
                0x08005998                PROVIDE (__init_array_start = .)
 *(SORT_BY_NAME(.init_array.*))
 *(.init_array*)
 .init_array    0x08005998        0x4 c:/program files (x86)/gnu tools arm embedded/7 2018-q2-update/bin/../lib/gcc/arm-none-eabi/7.3.1/thumb/v7e-m/fpv4-sp/hard/crtbegin.o
                0x0800599c                PROVIDE (__init_array_end = .)

.fini_array     0x0800599c        0x4
                [!provide]                PROVIDE (__fini_array_start = .)
 *(SORT_BY_NAME(.fini_array.*))
 *(.fini_array*)
 .fini_array    0x0800599c        0x4 c:/program files (x86)/gnu tools arm embedded/7 2018-q2-update/bin/../lib/gcc/arm-none-eabi/7.3.1/thumb/v7e-m/fpv4-sp/hard/crtbegin.o
                [!provide]                PROVIDE (__fini_array_end = .)
                0x080059a0                _sidata = LOADADDR (.data)

.data           0x20000000       0xfc load address 0x080059a0
                0x20000000                . = ALIGN (0x4)
                0x20000000                _sdata = .
 *(.data)
 *(.data*)
 .data.FS_Desc  0x20000000       0x1c build/usbd_desc.o
                0x20000000                FS_Desc
 .data.USBD_FS_DeviceDesc
                0x2000001c       0x12 build/usbd_desc.o
                0x2000001c                USBD_FS_DeviceDesc
 *fill*         0x2000002e        0x2 
 .data.USBD_LangIDDesc
                0x20000030        0x4 build/usbd_desc.o
                0x20000030                USBD_LangIDDesc
 .data.USBD_StringSerial
                0x20000034       0x1a build/usbd_desc.o
                0x20000034                USBD_StringSerial
 *fill*         0x2000004e        0x2 
 .data.USBD_Interface_fops_FS
                0x20000050       0x14 build/usbd_cdc_if.o
                0x20000050                USBD_Interface_fops_FS
 .data.uwTickFreq
                0x20000064        0x1 build/stm32f4xx_hal.o
                0x20000064                uwTickFreq
 *fill*         0x20000065        0x3 
 .data.uwTickPrio
                0x20000068        0x4 build/stm32f4xx_hal.o
                0x20000068                uwTickPrio
 .data.SystemCoreClock
                0x2000006c        0x4 build/system_stm32f4xx.o
                0x2000006c                SystemCoreClock
 .data.uxCriticalNesting
                0x20000070        0x4 build/port.o
 .data.USBD_CDC
                0x20000074       0x38 build/usbd_cdc.o
                0x20000074                USBD_CDC
 .data.USBD_CDC_CfgDesc
                0x200000ac       0x43 build/usbd_cdc.o
 *fill*         0x200000ef        0x1 
 .data.USBD_CDC_DeviceQualifierDesc
                0x200000f0        0xa build/usbd_cdc.o
                0x200000fc                . = ALIGN (0x4)
 *fill*         0x200000fa        0x2 
                0x200000fc                _edata = .
                0x08005a9c                _siccmram = LOADADDR (.ccmram)

.igot.plt       0x200000fc        0x0 load address 0x08005a9c
 .igot.plt      0x200000fc        0x0 c:/program files (x86)/gnu tools arm embedded/7 2018-q2-update/bin/../lib/gcc/arm-none-eabi/7.3.1/thumb/v7e-m/fpv4-sp/hard/crtbegin.o

.ccmram         0x10000000        0x0 load address 0x08005a9c
                0x10000000                . = ALIGN (0x4)
                0x10000000                _sccmram = .
 *(.ccmram)
 *(.ccmram*)
                0x10000000                . = ALIGN (0x4)
                0x10000000                _eccmram = .
                0x10000000                . = ALIGN (0x4)

.bss            0x200000fc     0xc074
                0x200000fc                _sbss = .
                0x200000fc                __bss_start__ = _sbss
 *(.bss)
 .bss           0x200000fc       0x1c c:/program files (x86)/gnu tools arm embedded/7 2018-q2-update/bin/../lib/gcc/arm-none-eabi/7.3.1/thumb/v7e-m/fpv4-sp/hard/crtbegin.o
 *(.bss*)
 .bss.xIdleStack
                0x20000118     0x2000 build/freertos.o
 .bss.xIdleTaskTCBBuffer
                0x20002118       0x60 build/freertos.o
 .bss.mem.10390
                0x20002178      0x220 build/usbd_conf.o
 .bss.FreeRTOS_errno
                0x20002398        0x4 build/tasks.o
                0x20002398                FreeRTOS_errno
 .bss.pxCurrentTCB
                0x2000239c        0x4 build/tasks.o
                0x2000239c                pxCurrentTCB
 .bss.pxDelayedTaskList
                0x200023a0        0x4 build/tasks.o
 .bss.pxOverflowDelayedTaskList
                0x200023a4        0x4 build/tasks.o
 .bss.pxReadyTasksLists
                0x200023a8       0x8c build/tasks.o
 .bss.uxCurrentNumberOfTasks
                0x20002434        0x4 build/tasks.o
 .bss.uxDeletedTasksWaitingCleanUp
                0x20002438        0x4 build/tasks.o
 .bss.uxSchedulerSuspended
                0x2000243c        0x4 build/tasks.o
 .bss.uxTaskNumber
                0x20002440        0x4 build/tasks.o
 .bss.uxTopReadyPriority
                0x20002444        0x4 build/tasks.o
 .bss.xDelayedTaskList1
                0x20002448       0x14 build/tasks.o
 .bss.xDelayedTaskList2
                0x2000245c       0x14 build/tasks.o
 .bss.xNextTaskUnblockTime
                0x20002470        0x4 build/tasks.o
 .bss.xNumOfOverflows
                0x20002474        0x4 build/tasks.o
 .bss.xPendedTicks
                0x20002478        0x4 build/tasks.o
 .bss.xPendingReadyList
                0x2000247c       0x14 build/tasks.o
 .bss.xSchedulerRunning
                0x20002490        0x4 build/tasks.o
 .bss.xSuspendedTaskList
                0x20002494       0x14 build/tasks.o
 .bss.xTasksWaitingTermination
                0x200024a8       0x14 build/tasks.o
 .bss.xTickCount
                0x200024bc        0x4 build/tasks.o
 .bss.xYieldPending
                0x200024c0        0x4 build/tasks.o
 .bss.ucMaxSysCallPriority
                0x200024c4        0x1 build/port.o
 *fill*         0x200024c5        0x3 
 .bss.ulMaxPRIGROUPValue
                0x200024c8        0x4 build/port.o
 .bss.cfgidx.10323
                0x200024cc        0x1 build/usbd_ctlreq.o
 *(COMMON)
 *fill*         0x200024cd        0x3 
 COMMON         0x200024d0     0x82dc build/main.o
                0x200024d0                myMutex01ControlBlock
                0x20002518                myTask02ControlBlock
                0x20002578                defaultTaskHandle
                0x2000257c                myQueue01Buffer
                0x2000259c                myTask03ControlBlock
                0x200025fc                myTask04Buffer
                0x200045fc                myTask04Handle
                0x20004600                myTask02Handle
                0x20004604                htim1
                0x2000464c                defaultTaskBuffer
                0x2000664c                myBinarySem01Handle
                0x20006650                myTask03Handle
                0x20006654                myBinarySem01ControlBlock
                0x2000669c                myQueue01Handle
                0x200066a0                defaultTaskControlBlock
                0x20006700                myTask03Buffer
                0x20008700                myMutex01Handle
                0x20008704                myTask02Buffer
                0x2000a704                myQueue01ControlBlock
                0x2000a74c                myTask04ControlBlock
 COMMON         0x2000a7ac      0x2dc build/usb_device.o
                0x2000a7ac                hUsbDeviceFS
 COMMON         0x2000aa88      0x4e4 build/usbd_conf.o
                0x2000aa88                hpcd_USB_OTG_FS
 COMMON         0x2000af6c      0x200 build/usbd_desc.o
                0x2000af6c                USBD_StrDesc
 COMMON         0x2000b16c     0x1000 build/usbd_cdc_if.o
                0x2000b16c                UserRxBufferFS
                0x2000b96c                UserTxBufferFS
 COMMON         0x2000c16c        0x4 build/stm32f4xx_hal.o
                0x2000c16c                uwTick
                0x2000c170                . = ALIGN (0x4)
                0x2000c170                _ebss = .
                0x2000c170                __bss_end__ = _ebss

._user_heap_stack
                0x2000c170      0x400
                0x2000c170                . = ALIGN (0x8)
                [!provide]                PROVIDE (end = .)
                0x2000c170                PROVIDE (_end = .)
                0x2000c170                . = (. + _Min_Heap_Size)
                0x2000c570                . = (. + _Min_Stack_Size)
 *fill*         0x2000c170      0x400 
                0x2000c570                . = ALIGN (0x8)

/DISCARD/
 libc.a(*)
 libm.a(*)
 libgcc.a(*)

.ARM.attributes
                0x00000000       0x30
 *(.ARM.attributes)
 .ARM.attributes
                0x00000000       0x22 c:/program files (x86)/gnu tools arm embedded/7 2018-q2-update/bin/../lib/gcc/arm-none-eabi/7.3.1/thumb/v7e-m/fpv4-sp/hard/crti.o
 .ARM.attributes
                0x00000022       0x34 c:/program files (x86)/gnu tools arm embedded/7 2018-q2-update/bin/../lib/gcc/arm-none-eabi/7.3.1/thumb/v7e-m/fpv4-sp/hard/crtbegin.o
 .ARM.attributes
                0x00000056       0x39 build/main.o
 .ARM.attributes
                0x0000008f       0x39 build/freertos.o
 .ARM.attributes
                0x000000c8       0x39 build/usb_device.o
 .ARM.attributes
                0x00000101       0x39 build/usbd_conf.o
 .ARM.attributes
                0x0000013a       0x39 build/usbd_desc.o
 .ARM.attributes
                0x00000173       0x39 build/usbd_cdc_if.o
 .ARM.attributes
                0x000001ac       0x39 build/stm32f4xx_it.o
 .ARM.attributes
                0x000001e5       0x39 build/stm32f4xx_hal_msp.o
 .ARM.attributes
                0x0000021e       0x39 build/stm32f4xx_hal_pcd.o
 .ARM.attributes
                0x00000257       0x39 build/stm32f4xx_hal_pcd_ex.o
 .ARM.attributes
                0x00000290       0x39 build/stm32f4xx_ll_usb.o
 .ARM.attributes
                0x000002c9       0x39 build/stm32f4xx_hal_rcc.o
 .ARM.attributes
                0x00000302       0x39 build/stm32f4xx_hal_gpio.o
 .ARM.attributes
                0x0000033b       0x39 build/stm32f4xx_hal_cortex.o
 .ARM.attributes
                0x00000374       0x39 build/stm32f4xx_hal.o
 .ARM.attributes
                0x000003ad       0x39 build/stm32f4xx_hal_tim.o
 .ARM.attributes
                0x000003e6       0x39 build/stm32f4xx_hal_tim_ex.o
 .ARM.attributes
                0x0000041f       0x39 build/system_stm32f4xx.o
 .ARM.attributes
                0x00000458       0x39 build/list.o
 .ARM.attributes
                0x00000491       0x39 build/queue.o
 .ARM.attributes
                0x000004ca       0x39 build/tasks.o
 .ARM.attributes
                0x00000503       0x39 build/cmsis_os.o
 .ARM.attributes
                0x0000053c       0x39 build/port.o
 .ARM.attributes
                0x00000575       0x39 build/usbd_core.o
 .ARM.attributes
                0x000005ae       0x39 build/usbd_ctlreq.o
 .ARM.attributes
                0x000005e7       0x39 build/usbd_ioreq.o
 .ARM.attributes
                0x00000620       0x39 build/usbd_cdc.o
 .ARM.attributes
                0x00000659       0x21 build/startup_stm32f405xx.o
 .ARM.attributes
                0x0000067a       0x34 c:/program files (x86)/gnu tools arm embedded/7 2018-q2-update/bin/../lib/gcc/arm-none-eabi/7.3.1/../../../../arm-none-eabi/lib/thumb/v7e-m/fpv4-sp/hard\libc_nano.a(lib_a-init.o)
 .ARM.attributes
                0x000006ae       0x34 c:/program files (x86)/gnu tools arm embedded/7 2018-q2-update/bin/../lib/gcc/arm-none-eabi/7.3.1/../../../../arm-none-eabi/lib/thumb/v7e-m/fpv4-sp/hard\libc_nano.a(lib_a-memcpy-stub.o)
 .ARM.attributes
                0x000006e2       0x34 c:/program files (x86)/gnu tools arm embedded/7 2018-q2-update/bin/../lib/gcc/arm-none-eabi/7.3.1/../../../../arm-none-eabi/lib/thumb/v7e-m/fpv4-sp/hard\libc_nano.a(lib_a-memset.o)
 .ARM.attributes
                0x00000716       0x22 c:/program files (x86)/gnu tools arm embedded/7 2018-q2-update/bin/../lib/gcc/arm-none-eabi/7.3.1/thumb/v7e-m/fpv4-sp/hard\libgcc.a(_aeabi_uldivmod.o)
 .ARM.attributes
                0x00000738       0x34 c:/program files (x86)/gnu tools arm embedded/7 2018-q2-update/bin/../lib/gcc/arm-none-eabi/7.3.1/thumb/v7e-m/fpv4-sp/hard\libgcc.a(_udivmoddi4.o)
 .ARM.attributes
                0x0000076c       0x22 c:/program files (x86)/gnu tools arm embedded/7 2018-q2-update/bin/../lib/gcc/arm-none-eabi/7.3.1/thumb/v7e-m/fpv4-sp/hard\libgcc.a(_dvmd_tls.o)
 .ARM.attributes
                0x0000078e       0x22 c:/program files (x86)/gnu tools arm embedded/7 2018-q2-update/bin/../lib/gcc/arm-none-eabi/7.3.1/thumb/v7e-m/fpv4-sp/hard/crtn.o
OUTPUT(build/tas_foc.elf elf32-littlearm)

.debug_info     0x00000000    0x265c8
 .debug_info    0x00000000     0x22df build/main.o
 .debug_info    0x000022df      0x388 build/freertos.o
 .debug_info    0x00002667     0x11be build/usb_device.o
 .debug_info    0x00003825     0x28df build/usbd_conf.o
 .debug_info    0x00006104      0xfa4 build/usbd_desc.o
 .debug_info    0x000070a8     0x13f5 build/usbd_cdc_if.o
 .debug_info    0x0000849d      0x7ae build/stm32f4xx_it.o
 .debug_info    0x00008c4b      0xe25 build/stm32f4xx_hal_msp.o
 .debug_info    0x00009a70     0x1b68 build/stm32f4xx_hal_pcd.o
 .debug_info    0x0000b5d8      0x824 build/stm32f4xx_hal_pcd_ex.o
 .debug_info    0x0000bdfc     0x1ec2 build/stm32f4xx_ll_usb.o
 .debug_info    0x0000dcbe      0xb77 build/stm32f4xx_hal_rcc.o
 .debug_info    0x0000e835      0x872 build/stm32f4xx_hal_gpio.o
 .debug_info    0x0000f0a7     0x1076 build/stm32f4xx_hal_cortex.o
 .debug_info    0x0001011d      0xac0 build/stm32f4xx_hal.o
 .debug_info    0x00010bdd     0x3a9e build/stm32f4xx_hal_tim.o
 .debug_info    0x0001467b     0x1a33 build/stm32f4xx_hal_tim_ex.o
 .debug_info    0x000160ae      0x5d8 build/system_stm32f4xx.o
 .debug_info    0x00016686      0xbe7 build/list.o
 .debug_info    0x0001726d     0x28b5 build/queue.o
 .debug_info    0x00019b22     0x30a3 build/tasks.o
 .debug_info    0x0001cbc5     0x282a build/cmsis_os.o
 .debug_info    0x0001f3ef      0x5ac build/port.o
 .debug_info    0x0001f99b     0x1b8c build/usbd_core.o
 .debug_info    0x00021527     0x1d48 build/usbd_ctlreq.o
 .debug_info    0x0002326f     0x12a6 build/usbd_ioreq.o
 .debug_info    0x00024515     0x2091 build/usbd_cdc.o
 .debug_info    0x000265a6       0x22 build/startup_stm32f405xx.o

.debug_abbrev   0x00000000     0x4702
 .debug_abbrev  0x00000000      0x33d build/main.o
 .debug_abbrev  0x0000033d      0x111 build/freertos.o
 .debug_abbrev  0x0000044e      0x21e build/usb_device.o
 .debug_abbrev  0x0000066c      0x335 build/usbd_conf.o
 .debug_abbrev  0x000009a1      0x2b8 build/usbd_desc.o
 .debug_abbrev  0x00000c59      0x32c build/usbd_cdc_if.o
 .debug_abbrev  0x00000f85      0x176 build/stm32f4xx_it.o
 .debug_abbrev  0x000010fb      0x1fe build/stm32f4xx_hal_msp.o
 .debug_abbrev  0x000012f9      0x2ba build/stm32f4xx_hal_pcd.o
 .debug_abbrev  0x000015b3      0x1bf build/stm32f4xx_hal_pcd_ex.o
 .debug_abbrev  0x00001772      0x2dc build/stm32f4xx_ll_usb.o
 .debug_abbrev  0x00001a4e      0x28d build/stm32f4xx_hal_rcc.o
 .debug_abbrev  0x00001cdb      0x21c build/stm32f4xx_hal_gpio.o
 .debug_abbrev  0x00001ef7      0x33d build/stm32f4xx_hal_cortex.o
 .debug_abbrev  0x00002234      0x1ed build/stm32f4xx_hal.o
 .debug_abbrev  0x00002421      0x283 build/stm32f4xx_hal_tim.o
 .debug_abbrev  0x000026a4      0x28b build/stm32f4xx_hal_tim_ex.o
 .debug_abbrev  0x0000292f      0x12a build/system_stm32f4xx.o
 .debug_abbrev  0x00002a59      0x21e build/list.o
 .debug_abbrev  0x00002c77      0x3e3 build/queue.o
 .debug_abbrev  0x0000305a      0x40e build/tasks.o
 .debug_abbrev  0x00003468      0x3e2 build/cmsis_os.o
 .debug_abbrev  0x0000384a      0x257 build/port.o
 .debug_abbrev  0x00003aa1      0x324 build/usbd_core.o
 .debug_abbrev  0x00003dc5      0x3c1 build/usbd_ctlreq.o
 .debug_abbrev  0x00004186      0x217 build/usbd_ioreq.o
 .debug_abbrev  0x0000439d      0x353 build/usbd_cdc.o
 .debug_abbrev  0x000046f0       0x12 build/startup_stm32f405xx.o

.debug_loc      0x00000000    0x1568a
 .debug_loc     0x00000000      0x1e9 build/main.o
 .debug_loc     0x000001e9       0x20 build/usb_device.o
 .debug_loc     0x00000209      0xe4b build/usbd_conf.o
 .debug_loc     0x00001054      0x3d9 build/usbd_desc.o
 .debug_loc     0x0000142d      0x194 build/usbd_cdc_if.o
 .debug_loc     0x000015c1       0x40 build/stm32f4xx_it.o
 .debug_loc     0x00001601       0xe2 build/stm32f4xx_hal_msp.o
 .debug_loc     0x000016e3     0x138a build/stm32f4xx_hal_pcd.o
 .debug_loc     0x00002a6d       0xd7 build/stm32f4xx_hal_pcd_ex.o
 .debug_loc     0x00002b44     0x25e6 build/stm32f4xx_ll_usb.o
 .debug_loc     0x0000512a      0x573 build/stm32f4xx_hal_rcc.o
 .debug_loc     0x0000569d      0x53d build/stm32f4xx_hal_gpio.o
 .debug_loc     0x00005bda      0x65e build/stm32f4xx_hal_cortex.o
 .debug_loc     0x00006238      0x1bb build/stm32f4xx_hal.o
 .debug_loc     0x000063f3     0x56fc build/stm32f4xx_hal_tim.o
 .debug_loc     0x0000baef     0x200a build/stm32f4xx_hal_tim_ex.o
 .debug_loc     0x0000daf9      0x13e build/system_stm32f4xx.o
 .debug_loc     0x0000dc37       0x9c build/list.o
 .debug_loc     0x0000dcd3     0x143d build/queue.o
 .debug_loc     0x0000f110     0x1d69 build/tasks.o
 .debug_loc     0x00010e79     0x14e8 build/cmsis_os.o
 .debug_loc     0x00012361      0x160 build/port.o
 .debug_loc     0x000124c1      0xe6f build/usbd_core.o
 .debug_loc     0x00013330     0x1635 build/usbd_ctlreq.o
 .debug_loc     0x00014965      0x348 build/usbd_ioreq.o
 .debug_loc     0x00014cad      0x9dd build/usbd_cdc.o

.debug_aranges  0x00000000     0x15a8
 .debug_aranges
                0x00000000       0x60 build/main.o
 .debug_aranges
                0x00000060       0x20 build/freertos.o
 .debug_aranges
                0x00000080       0x20 build/usb_device.o
 .debug_aranges
                0x000000a0      0x110 build/usbd_conf.o
 .debug_aranges
                0x000001b0       0x60 build/usbd_desc.o
 .debug_aranges
                0x00000210       0x48 build/usbd_cdc_if.o
 .debug_aranges
                0x00000258       0x58 build/stm32f4xx_it.o
 .debug_aranges
                0x000002b0       0x38 build/stm32f4xx_hal_msp.o
 .debug_aranges
                0x000002e8      0x148 build/stm32f4xx_hal_pcd.o
 .debug_aranges
                0x00000430       0x38 build/stm32f4xx_hal_pcd_ex.o
 .debug_aranges
                0x00000468      0x1a0 build/stm32f4xx_ll_usb.o
 .debug_aranges
                0x00000608       0x88 build/stm32f4xx_hal_rcc.o
 .debug_aranges
                0x00000690       0x58 build/stm32f4xx_hal_gpio.o
 .debug_aranges
                0x000006e8       0xb0 build/stm32f4xx_hal_cortex.o
 .debug_aranges
                0x00000798       0xf0 build/stm32f4xx_hal.o
 .debug_aranges
                0x00000888      0x3d0 build/stm32f4xx_hal_tim.o
 .debug_aranges
                0x00000c58      0x168 build/stm32f4xx_hal_tim_ex.o
 .debug_aranges
                0x00000dc0       0x28 build/system_stm32f4xx.o
 .debug_aranges
                0x00000de8       0x40 build/list.o
 .debug_aranges
                0x00000e28       0xf8 build/queue.o
 .debug_aranges
                0x00000f20      0x1c8 build/tasks.o
 .debug_aranges
                0x000010e8      0x1d8 build/cmsis_os.o
 .debug_aranges
                0x000012c0       0x80 build/port.o
 .debug_aranges
                0x00001340       0xd8 build/usbd_core.o
 .debug_aranges
                0x00001418       0x88 build/usbd_ctlreq.o
 .debug_aranges
                0x000014a0       0x50 build/usbd_ioreq.o
 .debug_aranges
                0x000014f0       0x90 build/usbd_cdc.o
 .debug_aranges
                0x00001580       0x28 build/startup_stm32f405xx.o

.debug_ranges   0x00000000     0x15a8
 .debug_ranges  0x00000000       0x50 build/main.o
 .debug_ranges  0x00000050       0x10 build/freertos.o
 .debug_ranges  0x00000060       0x10 build/usb_device.o
 .debug_ranges  0x00000070      0x100 build/usbd_conf.o
 .debug_ranges  0x00000170       0x50 build/usbd_desc.o
 .debug_ranges  0x000001c0       0x38 build/usbd_cdc_if.o
 .debug_ranges  0x000001f8       0x48 build/stm32f4xx_it.o
 .debug_ranges  0x00000240       0x28 build/stm32f4xx_hal_msp.o
 .debug_ranges  0x00000268      0x138 build/stm32f4xx_hal_pcd.o
 .debug_ranges  0x000003a0       0x28 build/stm32f4xx_hal_pcd_ex.o
 .debug_ranges  0x000003c8      0x190 build/stm32f4xx_ll_usb.o
 .debug_ranges  0x00000558       0x90 build/stm32f4xx_hal_rcc.o
 .debug_ranges  0x000005e8       0x48 build/stm32f4xx_hal_gpio.o
 .debug_ranges  0x00000630      0x100 build/stm32f4xx_hal_cortex.o
 .debug_ranges  0x00000730       0xe0 build/stm32f4xx_hal.o
 .debug_ranges  0x00000810      0x3c0 build/stm32f4xx_hal_tim.o
 .debug_ranges  0x00000bd0      0x158 build/stm32f4xx_hal_tim_ex.o
 .debug_ranges  0x00000d28       0x18 build/system_stm32f4xx.o
 .debug_ranges  0x00000d40       0x30 build/list.o
 .debug_ranges  0x00000d70      0x1c8 build/queue.o
 .debug_ranges  0x00000f38      0x218 build/tasks.o
 .debug_ranges  0x00001150      0x1c8 build/cmsis_os.o
 .debug_ranges  0x00001318       0x70 build/port.o
 .debug_ranges  0x00001388       0xc8 build/usbd_core.o
 .debug_ranges  0x00001450       0x78 build/usbd_ctlreq.o
 .debug_ranges  0x000014c8       0x40 build/usbd_ioreq.o
 .debug_ranges  0x00001508       0x80 build/usbd_cdc.o
 .debug_ranges  0x00001588       0x20 build/startup_stm32f405xx.o

.debug_line     0x00000000     0xb201
 .debug_line    0x00000000      0x56b build/main.o
 .debug_line    0x0000056b      0x254 build/freertos.o
 .debug_line    0x000007bf      0x36d build/usb_device.o
 .debug_line    0x00000b2c      0x658 build/usbd_conf.o
 .debug_line    0x00001184      0x3c3 build/usbd_desc.o
 .debug_line    0x00001547      0x39f build/usbd_cdc_if.o
 .debug_line    0x000018e6      0x31d build/stm32f4xx_it.o
 .debug_line    0x00001c03      0x295 build/stm32f4xx_hal_msp.o
 .debug_line    0x00001e98      0x8d5 build/stm32f4xx_hal_pcd.o
 .debug_line    0x0000276d      0x27a build/stm32f4xx_hal_pcd_ex.o
 .debug_line    0x000029e7      0xa26 build/stm32f4xx_ll_usb.o
 .debug_line    0x0000340d      0x4d7 build/stm32f4xx_hal_rcc.o
 .debug_line    0x000038e4      0x394 build/stm32f4xx_hal_gpio.o
 .debug_line    0x00003c78      0x471 build/stm32f4xx_hal_cortex.o
 .debug_line    0x000040e9      0x418 build/stm32f4xx_hal.o
 .debug_line    0x00004501     0x1f82 build/stm32f4xx_hal_tim.o
 .debug_line    0x00006483      0xe96 build/stm32f4xx_hal_tim_ex.o
 .debug_line    0x00007319      0x1f5 build/system_stm32f4xx.o
 .debug_line    0x0000750e      0x33e build/list.o
 .debug_line    0x0000784c      0x991 build/queue.o
 .debug_line    0x000081dd      0xd2e build/tasks.o
 .debug_line    0x00008f0b      0x8d5 build/cmsis_os.o
 .debug_line    0x000097e0      0x355 build/port.o
 .debug_line    0x00009b35      0x5f1 build/usbd_core.o
 .debug_line    0x0000a126      0x6bf build/usbd_ctlreq.o
 .debug_line    0x0000a7e5      0x392 build/usbd_ioreq.o
 .debug_line    0x0000ab77      0x614 build/usbd_cdc.o
 .debug_line    0x0000b18b       0x76 build/startup_stm32f405xx.o

.debug_str      0x00000000     0x74bd
 .debug_str     0x00000000     0x15f1 build/main.o
                               0x171d (size before relaxing)
 .debug_str     0x000015f1       0x90 build/freertos.o
                                0x3dd (size before relaxing)
 .debug_str     0x00001681      0x42a build/usb_device.o
                                0xb4e (size before relaxing)
 .debug_str     0x00001aab      0xe49 build/usbd_conf.o
                               0x1a4b (size before relaxing)
 .debug_str     0x000028f4      0x171 build/usbd_desc.o
                                0x8fa (size before relaxing)
 .debug_str     0x00002a65      0x137 build/usbd_cdc_if.o
                                0xc38 (size before relaxing)
 .debug_str     0x00002b9c       0xe4 build/stm32f4xx_it.o
                                0x73e (size before relaxing)
 .debug_str     0x00002c80       0x5f build/stm32f4xx_hal_msp.o
                                0xe65 (size before relaxing)
 .debug_str     0x00002cdf      0x5bc build/stm32f4xx_hal_pcd.o
                                0xe8f (size before relaxing)
 .debug_str     0x0000329b      0x125 build/stm32f4xx_hal_pcd_ex.o
                                0x804 (size before relaxing)
 .debug_str     0x000033c0      0x4c5 build/stm32f4xx_ll_usb.o
                                0xdef (size before relaxing)
 .debug_str     0x00003885      0x1d3 build/stm32f4xx_hal_rcc.o
                                0x77f (size before relaxing)
 .debug_str     0x00003a58      0x136 build/stm32f4xx_hal_gpio.o
                                0x5a1 (size before relaxing)
 .debug_str     0x00003b8e      0x474 build/stm32f4xx_hal_cortex.o
                                0xcd1 (size before relaxing)
 .debug_str     0x00004002      0x21f build/stm32f4xx_hal.o
                                0xb7b (size before relaxing)
 .debug_str     0x00004221      0xdfb build/stm32f4xx_hal_tim.o
                               0x179c (size before relaxing)
 .debug_str     0x0000501c      0x46f build/stm32f4xx_hal_tim_ex.o
                                0xf8d (size before relaxing)
 .debug_str     0x0000548b       0x42 build/system_stm32f4xx.o
                                0x405 (size before relaxing)
 .debug_str     0x000054cd      0x136 build/list.o
                                0x6ed (size before relaxing)
 .debug_str     0x00005603      0x72a build/queue.o
                                0xee8 (size before relaxing)
 .debug_str     0x00005d2d      0xa58 build/tasks.o
                               0x1497 (size before relaxing)
 .debug_str     0x00006785      0x61d build/cmsis_os.o
                               0x13d8 (size before relaxing)
 .debug_str     0x00006da2      0x17d build/port.o
                                0x477 (size before relaxing)
 .debug_str     0x00006f1f      0x275 build/usbd_core.o
                                0xe7e (size before relaxing)
 .debug_str     0x00007194      0x109 build/usbd_ctlreq.o
                                0xca9 (size before relaxing)
 .debug_str     0x0000729d       0x60 build/usbd_ioreq.o
                                0xb7e (size before relaxing)
 .debug_str     0x000072fd      0x19c build/usbd_cdc.o
                               0x1237 (size before relaxing)
 .debug_str     0x00007499       0x24 build/startup_stm32f405xx.o
                                 0x4b (size before relaxing)

.comment        0x00000000       0x7f
 .comment       0x00000000       0x7f build/main.o
                                 0x80 (size before relaxing)
 .comment       0x0000007f       0x80 build/freertos.o
 .comment       0x0000007f       0x80 build/usb_device.o
 .comment       0x0000007f       0x80 build/usbd_conf.o
 .comment       0x0000007f       0x80 build/usbd_desc.o
 .comment       0x0000007f       0x80 build/usbd_cdc_if.o
 .comment       0x0000007f       0x80 build/stm32f4xx_it.o
 .comment       0x0000007f       0x80 build/stm32f4xx_hal_msp.o
 .comment       0x0000007f       0x80 build/stm32f4xx_hal_pcd.o
 .comment       0x0000007f       0x80 build/stm32f4xx_hal_pcd_ex.o
 .comment       0x0000007f       0x80 build/stm32f4xx_ll_usb.o
 .comment       0x0000007f       0x80 build/stm32f4xx_hal_rcc.o
 .comment       0x0000007f       0x80 build/stm32f4xx_hal_gpio.o
 .comment       0x0000007f       0x80 build/stm32f4xx_hal_cortex.o
 .comment       0x0000007f       0x80 build/stm32f4xx_hal.o
 .comment       0x0000007f       0x80 build/stm32f4xx_hal_tim.o
 .comment       0x0000007f       0x80 build/stm32f4xx_hal_tim_ex.o
 .comment       0x0000007f       0x80 build/system_stm32f4xx.o
 .comment       0x0000007f       0x80 build/list.o
 .comment       0x0000007f       0x80 build/queue.o
 .comment       0x0000007f       0x80 build/tasks.o
 .comment       0x0000007f       0x80 build/cmsis_os.o
 .comment       0x0000007f       0x80 build/port.o
 .comment       0x0000007f       0x80 build/usbd_core.o
 .comment       0x0000007f       0x80 build/usbd_ctlreq.o
 .comment       0x0000007f       0x80 build/usbd_ioreq.o
 .comment       0x0000007f       0x80 build/usbd_cdc.o

.debug_frame    0x00000000     0x4294
 .debug_frame   0x00000000      0x110 build/main.o
 .debug_frame   0x00000110       0x20 build/freertos.o
 .debug_frame   0x00000130       0x2c build/usb_device.o
 .debug_frame   0x0000015c      0x350 build/usbd_conf.o
 .debug_frame   0x000004ac       0xf8 build/usbd_desc.o
 .debug_frame   0x000005a4       0x94 build/usbd_cdc_if.o
 .debug_frame   0x00000638       0xa8 build/stm32f4xx_it.o
 .debug_frame   0x000006e0       0x80 build/stm32f4xx_hal_msp.o
 .debug_frame   0x00000760      0x3f0 build/stm32f4xx_hal_pcd.o
 .debug_frame   0x00000b50       0x60 build/stm32f4xx_hal_pcd_ex.o
 .debug_frame   0x00000bb0      0x558 build/stm32f4xx_ll_usb.o
 .debug_frame   0x00001108      0x1c4 build/stm32f4xx_hal_rcc.o
 .debug_frame   0x000012cc       0xec build/stm32f4xx_hal_gpio.o
 .debug_frame   0x000013b8      0x17c build/stm32f4xx_hal_cortex.o
 .debug_frame   0x00001534      0x200 build/stm32f4xx_hal.o
 .debug_frame   0x00001734      0xd18 build/stm32f4xx_hal_tim.o
 .debug_frame   0x0000244c      0x520 build/stm32f4xx_hal_tim_ex.o
 .debug_frame   0x0000296c       0x30 build/system_stm32f4xx.o
 .debug_frame   0x0000299c       0x70 build/list.o
 .debug_frame   0x00002a0c      0x378 build/queue.o
 .debug_frame   0x00002d84      0x654 build/tasks.o
 .debug_frame   0x000033d8      0x610 build/cmsis_os.o
 .debug_frame   0x000039e8      0x104 build/port.o
 .debug_frame   0x00003aec      0x284 build/usbd_core.o
 .debug_frame   0x00003d70      0x1ac build/usbd_ctlreq.o
 .debug_frame   0x00003f1c       0xd4 build/usbd_ioreq.o
 .debug_frame   0x00003ff0      0x1d0 build/usbd_cdc.o
 .debug_frame   0x000041c0       0x2c c:/program files (x86)/gnu tools arm embedded/7 2018-q2-update/bin/../lib/gcc/arm-none-eabi/7.3.1/../../../../arm-none-eabi/lib/thumb/v7e-m/fpv4-sp/hard\libc_nano.a(lib_a-init.o)
 .debug_frame   0x000041ec       0x28 c:/program files (x86)/gnu tools arm embedded/7 2018-q2-update/bin/../lib/gcc/arm-none-eabi/7.3.1/../../../../arm-none-eabi/lib/thumb/v7e-m/fpv4-sp/hard\libc_nano.a(lib_a-memcpy-stub.o)
 .debug_frame   0x00004214       0x20 c:/program files (x86)/gnu tools arm embedded/7 2018-q2-update/bin/../lib/gcc/arm-none-eabi/7.3.1/../../../../arm-none-eabi/lib/thumb/v7e-m/fpv4-sp/hard\libc_nano.a(lib_a-memset.o)
 .debug_frame   0x00004234       0x2c c:/program files (x86)/gnu tools arm embedded/7 2018-q2-update/bin/../lib/gcc/arm-none-eabi/7.3.1/thumb/v7e-m/fpv4-sp/hard\libgcc.a(_aeabi_uldivmod.o)
 .debug_frame   0x00004260       0x34 c:/program files (x86)/gnu tools arm embedded/7 2018-q2-update/bin/../lib/gcc/arm-none-eabi/7.3.1/thumb/v7e-m/fpv4-sp/hard\libgcc.a(_udivmoddi4.o)

Cross Reference Table

Symbol                                            File
ADC_IRQHandler                                    build/startup_stm32f405xx.o
AHBPrescTable                                     build/system_stm32f4xx.o
                                                  build/stm32f4xx_hal_rcc.o
APBPrescTable                                     build/system_stm32f4xx.o
                                                  build/stm32f4xx_hal_rcc.o
BusFault_Handler                                  build/stm32f4xx_it.o
CAN1_RX0_IRQHandler                               build/startup_stm32f405xx.o
CAN1_RX1_IRQHandler                               build/startup_stm32f405xx.o
CAN1_SCE_IRQHandler                               build/startup_stm32f405xx.o
CAN1_TX_IRQHandler                                build/startup_stm32f405xx.o
CAN2_RX0_IRQHandler                               build/startup_stm32f405xx.o
CAN2_RX1_IRQHandler                               build/startup_stm32f405xx.o
CAN2_SCE_IRQHandler                               build/startup_stm32f405xx.o
CAN2_TX_IRQHandler                                build/startup_stm32f405xx.o
CDC_Transmit_FS                                   build/usbd_cdc_if.o
DMA1_Stream0_IRQHandler                           build/startup_stm32f405xx.o
DMA1_Stream1_IRQHandler                           build/startup_stm32f405xx.o
DMA1_Stream2_IRQHandler                           build/startup_stm32f405xx.o
DMA1_Stream3_IRQHandler                           build/startup_stm32f405xx.o
DMA1_Stream4_IRQHandler                           build/startup_stm32f405xx.o
DMA1_Stream5_IRQHandler                           build/startup_stm32f405xx.o
DMA1_Stream6_IRQHandler                           build/startup_stm32f405xx.o
DMA1_Stream7_IRQHandler                           build/startup_stm32f405xx.o
DMA2_Stream0_IRQHandler                           build/startup_stm32f405xx.o
DMA2_Stream1_IRQHandler                           build/startup_stm32f405xx.o
DMA2_Stream2_IRQHandler                           build/startup_stm32f405xx.o
DMA2_Stream3_IRQHandler                           build/startup_stm32f405xx.o
DMA2_Stream4_IRQHandler                           build/startup_stm32f405xx.o
DMA2_Stream5_IRQHandler                           build/startup_stm32f405xx.o
DMA2_Stream6_IRQHandler                           build/startup_stm32f405xx.o
DMA2_Stream7_IRQHandler                           build/startup_stm32f405xx.o
DebugMon_Handler                                  build/stm32f4xx_it.o
Default_Handler                                   build/startup_stm32f405xx.o
EXTI0_IRQHandler                                  build/startup_stm32f405xx.o
EXTI15_10_IRQHandler                              build/startup_stm32f405xx.o
EXTI1_IRQHandler                                  build/startup_stm32f405xx.o
EXTI2_IRQHandler                                  build/startup_stm32f405xx.o
EXTI3_IRQHandler                                  build/startup_stm32f405xx.o
EXTI4_IRQHandler                                  build/startup_stm32f405xx.o
EXTI9_5_IRQHandler                                build/startup_stm32f405xx.o
Error_Handler                                     build/main.o
                                                  build/usbd_conf.o
                                                  build/usb_device.o
FLASH_Erase_Sector                                build/stm32f4xx_hal_flash_ex.o
                                                  build/stm32f4xx_hal_flash.o
FLASH_FlushCaches                                 build/stm32f4xx_hal_flash_ex.o
                                                  build/stm32f4xx_hal_flash.o
FLASH_IRQHandler                                  build/startup_stm32f405xx.o
FLASH_WaitForLastOperation                        build/stm32f4xx_hal_flash.o
                                                  build/stm32f4xx_hal_flash_ex.o
FPU_IRQHandler                                    build/startup_stm32f405xx.o
FSMC_IRQHandler                                   build/startup_stm32f405xx.o
FS_Desc                                           build/usbd_desc.o
                                                  build/usb_device.o
FreeRTOS_errno                                    build/tasks.o
HAL_CORTEX_ClearEvent                             build/stm32f4xx_hal_cortex.o
HAL_DBGMCU_DisableDBGSleepMode                    build/stm32f4xx_hal.o
HAL_DBGMCU_DisableDBGStandbyMode                  build/stm32f4xx_hal.o
HAL_DBGMCU_DisableDBGStopMode                     build/stm32f4xx_hal.o
HAL_DBGMCU_EnableDBGSleepMode                     build/stm32f4xx_hal.o
HAL_DBGMCU_EnableDBGStandbyMode                   build/stm32f4xx_hal.o
HAL_DBGMCU_EnableDBGStopMode                      build/stm32f4xx_hal.o
HAL_DMAEx_ChangeMemory                            build/stm32f4xx_hal_dma_ex.o
HAL_DMAEx_MultiBufferStart                        build/stm32f4xx_hal_dma_ex.o
HAL_DMAEx_MultiBufferStart_IT                     build/stm32f4xx_hal_dma_ex.o
HAL_DMA_Abort                                     build/stm32f4xx_hal_dma.o
HAL_DMA_Abort_IT                                  build/stm32f4xx_hal_dma.o
                                                  build/stm32f4xx_hal_tim_ex.o
                                                  build/stm32f4xx_hal_tim.o
HAL_DMA_DeInit                                    build/stm32f4xx_hal_dma.o
HAL_DMA_GetError                                  build/stm32f4xx_hal_dma.o
HAL_DMA_GetState                                  build/stm32f4xx_hal_dma.o
HAL_DMA_IRQHandler                                build/stm32f4xx_hal_dma.o
HAL_DMA_Init                                      build/stm32f4xx_hal_dma.o
HAL_DMA_PollForTransfer                           build/stm32f4xx_hal_dma.o
HAL_DMA_RegisterCallback                          build/stm32f4xx_hal_dma.o
HAL_DMA_Start                                     build/stm32f4xx_hal_dma.o
HAL_DMA_Start_IT                                  build/stm32f4xx_hal_dma.o
                                                  build/stm32f4xx_hal_tim_ex.o
                                                  build/stm32f4xx_hal_tim.o
HAL_DMA_UnRegisterCallback                        build/stm32f4xx_hal_dma.o
HAL_DeInit                                        build/stm32f4xx_hal.o
HAL_Delay                                         build/stm32f4xx_hal.o
                                                  build/stm32f4xx_ll_usb.o
                                                  build/usbd_conf.o
HAL_DisableCompensationCell                       build/stm32f4xx_hal.o
HAL_EXTI_ClearConfigLine                          build/stm32f4xx_hal_exti.o
HAL_EXTI_ClearPending                             build/stm32f4xx_hal_exti.o
HAL_EXTI_GenerateSWI                              build/stm32f4xx_hal_exti.o
HAL_EXTI_GetConfigLine                            build/stm32f4xx_hal_exti.o
HAL_EXTI_GetHandle                                build/stm32f4xx_hal_exti.o
HAL_EXTI_GetPending                               build/stm32f4xx_hal_exti.o
HAL_EXTI_IRQHandler                               build/stm32f4xx_hal_exti.o
HAL_EXTI_RegisterCallback                         build/stm32f4xx_hal_exti.o
HAL_EXTI_SetConfigLine                            build/stm32f4xx_hal_exti.o
HAL_EnableCompensationCell                        build/stm32f4xx_hal.o
HAL_FLASHEx_Erase                                 build/stm32f4xx_hal_flash_ex.o
HAL_FLASHEx_Erase_IT                              build/stm32f4xx_hal_flash_ex.o
HAL_FLASHEx_OBGetConfig                           build/stm32f4xx_hal_flash_ex.o
HAL_FLASHEx_OBProgram                             build/stm32f4xx_hal_flash_ex.o
HAL_FLASH_EndOfOperationCallback                  build/stm32f4xx_hal_flash.o
HAL_FLASH_GetError                                build/stm32f4xx_hal_flash.o
HAL_FLASH_IRQHandler                              build/stm32f4xx_hal_flash.o
HAL_FLASH_Lock                                    build/stm32f4xx_hal_flash.o
HAL_FLASH_OB_Launch                               build/stm32f4xx_hal_flash.o
HAL_FLASH_OB_Lock                                 build/stm32f4xx_hal_flash.o
HAL_FLASH_OB_Unlock                               build/stm32f4xx_hal_flash.o
HAL_FLASH_OperationErrorCallback                  build/stm32f4xx_hal_flash.o
HAL_FLASH_Program                                 build/stm32f4xx_hal_flash.o
HAL_FLASH_Program_IT                              build/stm32f4xx_hal_flash.o
HAL_FLASH_Unlock                                  build/stm32f4xx_hal_flash.o
HAL_GPIO_DeInit                                   build/stm32f4xx_hal_gpio.o
                                                  build/usbd_conf.o
HAL_GPIO_EXTI_Callback                            build/stm32f4xx_hal_gpio.o
HAL_GPIO_EXTI_IRQHandler                          build/stm32f4xx_hal_gpio.o
HAL_GPIO_Init                                     build/stm32f4xx_hal_gpio.o
                                                  build/stm32f4xx_hal_rcc.o
                                                  build/stm32f4xx_hal_msp.o
                                                  build/usbd_conf.o
HAL_GPIO_LockPin                                  build/stm32f4xx_hal_gpio.o
HAL_GPIO_ReadPin                                  build/stm32f4xx_hal_gpio.o
HAL_GPIO_TogglePin                                build/stm32f4xx_hal_gpio.o
HAL_GPIO_WritePin                                 build/stm32f4xx_hal_gpio.o
HAL_GetDEVID                                      build/stm32f4xx_hal.o
HAL_GetHalVersion                                 build/stm32f4xx_hal.o
HAL_GetREVID                                      build/stm32f4xx_hal.o
HAL_GetTick                                       build/stm32f4xx_hal.o
                                                  build/stm32f4xx_hal_pwr_ex.o
                                                  build/stm32f4xx_hal_dma.o
                                                  build/stm32f4xx_hal_flash.o
                                                  build/stm32f4xx_hal_rcc_ex.o
                                                  build/stm32f4xx_hal_rcc.o
HAL_GetTickFreq                                   build/stm32f4xx_hal.o
HAL_GetTickPrio                                   build/stm32f4xx_hal.o
HAL_GetUIDw0                                      build/stm32f4xx_hal.o
HAL_GetUIDw1                                      build/stm32f4xx_hal.o
HAL_GetUIDw2                                      build/stm32f4xx_hal.o
HAL_IncTick                                       build/stm32f4xx_hal.o
                                                  build/stm32f4xx_it.o
HAL_Init                                          build/stm32f4xx_hal.o
                                                  build/main.o
HAL_InitTick                                      build/stm32f4xx_hal.o
                                                  build/stm32f4xx_hal_rcc_ex.o
                                                  build/stm32f4xx_hal_rcc.o
HAL_MPU_ConfigRegion                              build/stm32f4xx_hal_cortex.o
HAL_MPU_Disable                                   build/stm32f4xx_hal_cortex.o
HAL_MPU_Enable                                    build/stm32f4xx_hal_cortex.o
HAL_MspDeInit                                     build/stm32f4xx_hal.o
HAL_MspInit                                       build/stm32f4xx_hal_msp.o
HAL_NVIC_ClearPendingIRQ                          build/stm32f4xx_hal_cortex.o
HAL_NVIC_DisableIRQ                               build/stm32f4xx_hal_cortex.o
                                                  build/usbd_conf.o
HAL_NVIC_EnableIRQ                                build/stm32f4xx_hal_cortex.o
                                                  build/usbd_conf.o
HAL_NVIC_GetActive                                build/stm32f4xx_hal_cortex.o
HAL_NVIC_GetPendingIRQ                            build/stm32f4xx_hal_cortex.o
HAL_NVIC_GetPriority                              build/stm32f4xx_hal_cortex.o
HAL_NVIC_GetPriorityGrouping                      build/stm32f4xx_hal_cortex.o
HAL_NVIC_SetPendingIRQ                            build/stm32f4xx_hal_cortex.o
HAL_NVIC_SetPriority                              build/stm32f4xx_hal_cortex.o
                                                  build/stm32f4xx_hal.o
                                                  build/stm32f4xx_hal_msp.o
                                                  build/usbd_conf.o
HAL_NVIC_SetPriorityGrouping                      build/stm32f4xx_hal_cortex.o
                                                  build/stm32f4xx_hal.o
HAL_NVIC_SystemReset                              build/stm32f4xx_hal_cortex.o
HAL_PCDEx_BCD_Callback                            build/stm32f4xx_hal_pcd_ex.o
HAL_PCDEx_LPM_Callback                            build/stm32f4xx_hal_pcd_ex.o
                                                  build/stm32f4xx_hal_pcd.o
HAL_PCDEx_SetRxFiFo                               build/stm32f4xx_hal_pcd_ex.o
                                                  build/usbd_conf.o
HAL_PCDEx_SetTxFiFo                               build/stm32f4xx_hal_pcd_ex.o
                                                  build/usbd_conf.o
HAL_PCD_ActivateRemoteWakeup                      build/stm32f4xx_hal_pcd.o
HAL_PCD_ConnectCallback                           build/usbd_conf.o
HAL_PCD_DataInStageCallback                       build/usbd_conf.o
HAL_PCD_DataOutStageCallback                      build/usbd_conf.o
HAL_PCD_DeActivateRemoteWakeup                    build/stm32f4xx_hal_pcd.o
HAL_PCD_DeInit                                    build/stm32f4xx_hal_pcd.o
                                                  build/usbd_conf.o
HAL_PCD_DevConnect                                build/stm32f4xx_hal_pcd.o
HAL_PCD_DevDisconnect                             build/stm32f4xx_hal_pcd.o
HAL_PCD_DisconnectCallback                        build/usbd_conf.o
HAL_PCD_EP_Abort                                  build/stm32f4xx_hal_pcd.o
HAL_PCD_EP_Close                                  build/stm32f4xx_hal_pcd.o
                                                  build/usbd_conf.o
HAL_PCD_EP_ClrStall                               build/stm32f4xx_hal_pcd.o
                                                  build/usbd_conf.o
HAL_PCD_EP_Flush                                  build/stm32f4xx_hal_pcd.o
                                                  build/usbd_conf.o
HAL_PCD_EP_GetRxCount                             build/stm32f4xx_hal_pcd.o
                                                  build/usbd_conf.o
HAL_PCD_EP_Open                                   build/stm32f4xx_hal_pcd.o
                                                  build/usbd_conf.o
HAL_PCD_EP_Receive                                build/stm32f4xx_hal_pcd.o
                                                  build/usbd_conf.o
HAL_PCD_EP_SetStall                               build/stm32f4xx_hal_pcd.o
                                                  build/usbd_conf.o
HAL_PCD_EP_Transmit                               build/stm32f4xx_hal_pcd.o
                                                  build/usbd_conf.o
HAL_PCD_GetState                                  build/stm32f4xx_hal_pcd.o
HAL_PCD_IRQHandler                                build/stm32f4xx_hal_pcd.o
                                                  build/stm32f4xx_it.o
HAL_PCD_ISOINIncompleteCallback                   build/usbd_conf.o
HAL_PCD_ISOOUTIncompleteCallback                  build/usbd_conf.o
HAL_PCD_Init                                      build/stm32f4xx_hal_pcd.o
                                                  build/usbd_conf.o
HAL_PCD_MspDeInit                                 build/usbd_conf.o
HAL_PCD_MspInit                                   build/usbd_conf.o
HAL_PCD_ResetCallback                             build/usbd_conf.o
HAL_PCD_ResumeCallback                            build/usbd_conf.o